Archive member included to satisfy reference by file (symbol)

c:/nxp/mcuxpressoide_11.2.0_4120/ide/plugins/com.nxp.mcuxpresso.tools.win32_11.2.0.202001021529/tools/bin/../lib/gcc/arm-none-eabi/9.2.1/../../../../arm-none-eabi/lib/thumb/v6-m/nofp\libcr_nohost_nf.a(_cr__main.o)
                              ./startup/startup_mkl25z4.o (__main)
c:/nxp/mcuxpressoide_11.2.0_4120/ide/plugins/com.nxp.mcuxpresso.tools.win32_11.2.0.202001021529/tools/bin/../lib/gcc/arm-none-eabi/9.2.1/../../../../arm-none-eabi/lib/thumb/v6-m/nofp\libcr_c.a(memcpy.o)
                              ./drivers/fsl_flash.o (memcpy)
c:/nxp/mcuxpressoide_11.2.0_4120/ide/plugins/com.nxp.mcuxpresso.tools.win32_11.2.0.202001021529/tools/bin/../lib/gcc/arm-none-eabi/9.2.1/../../../../arm-none-eabi/lib/thumb/v6-m/nofp\libcr_c.a(memset.o)
                              ./drivers/fsl_flash.o (memset)
c:/nxp/mcuxpressoide_11.2.0_4120/ide/plugins/com.nxp.mcuxpresso.tools.win32_11.2.0.202001021529/tools/bin/../lib/gcc/arm-none-eabi/9.2.1/../../../../arm-none-eabi/lib/thumb/v6-m/nofp\libcr_c.a(atan2.o)
                              ./source/mma8451.o (atan2)
c:/nxp/mcuxpressoide_11.2.0_4120/ide/plugins/com.nxp.mcuxpresso.tools.win32_11.2.0.202001021529/tools/bin/../lib/gcc/arm-none-eabi/9.2.1/../../../../arm-none-eabi/lib/thumb/v6-m/nofp\libcr_c.a(errno.o)
                              c:/nxp/mcuxpressoide_11.2.0_4120/ide/plugins/com.nxp.mcuxpresso.tools.win32_11.2.0.202001021529/tools/bin/../lib/gcc/arm-none-eabi/9.2.1/../../../../arm-none-eabi/lib/thumb/v6-m/nofp\libcr_c.a(atan2.o) (errno)
c:/nxp/mcuxpressoide_11.2.0_4120/ide/plugins/com.nxp.mcuxpresso.tools.win32_11.2.0.202001021529/tools/bin/../lib/gcc/arm-none-eabi/9.2.1/../../../../arm-none-eabi/lib/thumb/v6-m/nofp\libcr_c.a(fabs.o)
                              ./source/test.o (fabs)
c:/nxp/mcuxpressoide_11.2.0_4120/ide/plugins/com.nxp.mcuxpresso.tools.win32_11.2.0.202001021529/tools/bin/../lib/gcc/arm-none-eabi/9.2.1/../../../../arm-none-eabi/lib/thumb/v6-m/nofp\libcr_c.a(initio.o)
                              c:/nxp/mcuxpressoide_11.2.0_4120/ide/plugins/com.nxp.mcuxpresso.tools.win32_11.2.0.202001021529/tools/bin/../lib/gcc/arm-none-eabi/9.2.1/../../../../arm-none-eabi/lib/thumb/v6-m/nofp\libcr_nohost_nf.a(_cr__main.o) (_initio)
c:/nxp/mcuxpressoide_11.2.0_4120/ide/plugins/com.nxp.mcuxpresso.tools.win32_11.2.0.202001021529/tools/bin/../lib/gcc/arm-none-eabi/9.2.1/../../../../arm-none-eabi/lib/thumb/v6-m/nofp\libcr_c.a(modf.o)
                              ./utilities/fsl_debug_console.o (modf)
c:/nxp/mcuxpressoide_11.2.0_4120/ide/plugins/com.nxp.mcuxpresso.tools.win32_11.2.0.202001021529/tools/bin/../lib/gcc/arm-none-eabi/9.2.1/../../../../arm-none-eabi/lib/thumb/v6-m/nofp\libcr_c.a(pow.o)
                              ./utilities/fsl_debug_console.o (pow)
c:/nxp/mcuxpressoide_11.2.0_4120/ide/plugins/com.nxp.mcuxpresso.tools.win32_11.2.0.202001021529/tools/bin/../lib/gcc/arm-none-eabi/9.2.1/../../../../arm-none-eabi/lib/thumb/v6-m/nofp\libcr_c.a(setvbuf.o)
                              c:/nxp/mcuxpressoide_11.2.0_4120/ide/plugins/com.nxp.mcuxpresso.tools.win32_11.2.0.202001021529/tools/bin/../lib/gcc/arm-none-eabi/9.2.1/../../../../arm-none-eabi/lib/thumb/v6-m/nofp\libcr_c.a(initio.o) (setvbuf)
c:/nxp/mcuxpressoide_11.2.0_4120/ide/plugins/com.nxp.mcuxpresso.tools.win32_11.2.0.202001021529/tools/bin/../lib/gcc/arm-none-eabi/9.2.1/../../../../arm-none-eabi/lib/thumb/v6-m/nofp\libcr_c.a(stdlib.o)
                              ./source/LED.o (abs)
c:/nxp/mcuxpressoide_11.2.0_4120/ide/plugins/com.nxp.mcuxpresso.tools.win32_11.2.0.202001021529/tools/bin/../lib/gcc/arm-none-eabi/9.2.1/../../../../arm-none-eabi/lib/thumb/v6-m/nofp\libcr_c.a(strlen.o)
                              ./utilities/fsl_debug_console.o (strlen)
c:/nxp/mcuxpressoide_11.2.0_4120/ide/plugins/com.nxp.mcuxpresso.tools.win32_11.2.0.202001021529/tools/bin/../lib/gcc/arm-none-eabi/9.2.1/../../../../arm-none-eabi/lib/thumb/v6-m/nofp\libcr_c.a(_fdopen.o)
                              c:/nxp/mcuxpressoide_11.2.0_4120/ide/plugins/com.nxp.mcuxpresso.tools.win32_11.2.0.202001021529/tools/bin/../lib/gcc/arm-none-eabi/9.2.1/../../../../arm-none-eabi/lib/thumb/v6-m/nofp\libcr_c.a(initio.o) (_fdopen)
c:/nxp/mcuxpressoide_11.2.0_4120/ide/plugins/com.nxp.mcuxpresso.tools.win32_11.2.0.202001021529/tools/bin/../lib/gcc/arm-none-eabi/9.2.1/../../../../arm-none-eabi/lib/thumb/v6-m/nofp\libcr_c.a(atan.o)
                              c:/nxp/mcuxpressoide_11.2.0_4120/ide/plugins/com.nxp.mcuxpresso.tools.win32_11.2.0.202001021529/tools/bin/../lib/gcc/arm-none-eabi/9.2.1/../../../../arm-none-eabi/lib/thumb/v6-m/nofp\libcr_c.a(atan2.o) (atan)
c:/nxp/mcuxpressoide_11.2.0_4120/ide/plugins/com.nxp.mcuxpresso.tools.win32_11.2.0.202001021529/tools/bin/../lib/gcc/arm-none-eabi/9.2.1/../../../../arm-none-eabi/lib/thumb/v6-m/nofp\libcr_c.a(fclose.o)
[...]
Memory Configuration

Name             Origin             Length             Attributes
PROGRAM_FLASH    0x00000000         0x00020000         xr
SRAM             0x1ffff000         0x00004000         xrw
*default*        0x00000000         0xffffffff

Linker script and memory map

LOAD ./utilities/fsl_debug_console.o
LOAD ./startup/startup_mkl25z4.o
LOAD ./source/DigitalAngleGauge.o
LOAD ./source/I2C.o
LOAD ./source/LED.o
LOAD ./source/TPM.o
LOAD ./source/calibrate.o
LOAD ./source/mma8451.o
LOAD ./source/mtb.o
LOAD ./source/retarget_itm.o
LOAD ./source/semihost_hardfault.o
LOAD ./source/state_machine.o
LOAD ./source/switch.o
LOAD ./source/systick.o
LOAD ./source/test.o
LOAD ./drivers/fsl_clock.o
LOAD ./drivers/fsl_common.o
LOAD ./drivers/fsl_flash.o
LOAD ./drivers/fsl_gpio.o
LOAD ./drivers/fsl_lpsci.o
LOAD ./drivers/fsl_smc.o
LOAD ./drivers/fsl_uart.o
LOAD ./board/board.o
LOAD ./board/clock_config.o
LOAD ./board/peripherals.o
LOAD ./board/pin_mux.o
LOAD ./CMSIS/system_MKL25Z4.o
START GROUP
LOAD c:/nxp/mcuxpressoide_11.2.0_4120/ide/plugins/com.nxp.mcuxpresso.tools.win32_11.2.0.202001021529/tools/bin/../lib/gcc/arm-none-eabi/9.2.1/../../../../arm-none-eabi/lib/thumb/v6-m/nofp\libcr_nohost_nf.a
LOAD c:/nxp/mcuxpressoide_11.2.0_4120/ide/plugins/com.nxp.mcuxpresso.tools.win32_11.2.0.202001021529/tools/bin/../lib/gcc/arm-none-eabi/9.2.1/../../../../arm-none-eabi/lib/thumb/v6-m/nofp\libcr_c.a
LOAD c:/nxp/mcuxpressoide_11.2.0_4120/ide/plugins/com.nxp.mcuxpresso.tools.win32_11.2.0.202001021529/tools/bin/../lib/gcc/arm-none-eabi/9.2.1/thumb/v6-m/nofp\libcr_eabihelpers.a
LOAD c:/nxp/mcuxpressoide_11.2.0_4120/ide/plugins/com.nxp.mcuxpresso.tools.win32_11.2.0.202001021529/tools/bin/../lib/gcc/arm-none-eabi/9.2.1/thumb/v6-m/nofp\libgcc.a
END GROUP
                0x00000000                __base_PROGRAM_FLASH = 0x0
                0x00000000                __base_Flash = 0x0
                0x00020000                __top_PROGRAM_FLASH = 0x20000
                0x00020000                __top_Flash = 0x20000
                0x1ffff000                __base_SRAM = 0x1ffff000
                0x1ffff000                __base_RAM = 0x1ffff000
                0x20003000                __top_SRAM = 0x20003000
                0x20003000                __top_RAM = 0x20003000

.text           0x00000000     0x5138
 FILL mask 0xff
                0x00000000                __vectors_start__ = ABSOLUTE (.)
 *(SORT_BY_ALIGNMENT(.isr_vector))
 .isr_vector    0x00000000       0xc0 ./startup/startup_mkl25z4.o
                0x00000000                g_pfnVectors
                0x00000000                __Vectors
                0x000000c0                . = ALIGN (0x4)
                0x000000c0                __section_table_start = .
                0x000000c0                __data_section_table = .
                0x000000c0        0x4 LONG 0x5138 LOADADDR (.data)
                0x000000c4        0x4 LONG 0x1ffff080 ADDR (.data)
                0x000000c8        0x4 LONG 0x8 SIZEOF (.data)
                0x000000cc                __data_section_table_end = .
                0x000000cc                __bss_section_table = .
                0x000000cc        0x4 LONG 0x1ffff088 ADDR (.bss)
                0x000000d0        0x4 LONG 0x10c SIZEOF (.bss)
                0x000000d4                __bss_section_table_end = .
                0x000000d4                __section_table_end = .
 *(SORT_BY_ALIGNMENT(.after_vectors*))
 .after_vectors.reset
                0x000000d4       0x4c ./startup/startup_mkl25z4.o
                0x000000d4                ResetISR
 .after_vectors.init_data
                0x00000120       0x12 ./startup/startup_mkl25z4.o
                0x00000120                data_init
 .after_vectors.init_bss
                0x00000132       0x10 ./startup/startup_mkl25z4.o
                0x00000132                bss_init
 .after_vectors
                0x00000142      0x10c ./startup/startup_mkl25z4.o
                0x00000142                NMI_Handler
                0x00000146                SVC_Handler
                0x00000148                PendSV_Handler
                0x0000014c                SPI1_DriverIRQHandler
                0x0000014c                LPTMR0_DriverIRQHandler
                0x0000014c                DMA0_DriverIRQHandler
                0x0000014c                I2C0_DriverIRQHandler
                0x0000014c                Reserved39_DriverIRQHandler
                0x0000014c                PORTD_DriverIRQHandler
                0x0000014c                DMA2_DriverIRQHandler
                0x0000014c                CMP0_DriverIRQHandler
                0x0000014c                TPM2_DriverIRQHandler
                0x0000014c                ADC0_DriverIRQHandler
                0x0000014c                SPI0_DriverIRQHandler
                0x0000014c                TSI0_DriverIRQHandler
                0x0000014c                RTC_Seconds_DriverIRQHandler
                0x0000014c                I2C1_DriverIRQHandler
                0x0000014c                DMA1_DriverIRQHandler
                0x0000014c                LLWU_DriverIRQHandler
                0x0000014c                MCG_DriverIRQHandler
                0x0000014c                PIT_DriverIRQHandler
                0x0000014c                RTC_DriverIRQHandler
                0x0000014c                TPM1_DriverIRQHandler
                0x0000014c                FTFA_DriverIRQHandler
                0x0000014c                IntDefaultHandler
                0x0000014c                USB0_DriverIRQHandler
                0x0000014c                DAC0_DriverIRQHandler
                0x0000014c                LVD_LVW_DriverIRQHandler
                0x0000014c                TPM0_DriverIRQHandler
                0x0000014c                PORTA_DriverIRQHandler
                0x0000014c                Reserved45_DriverIRQHandler
                0x0000014c                Reserved20_DriverIRQHandler
                0x0000014c                DMA3_DriverIRQHandler
                0x0000014e                DMA0_IRQHandler
                0x00000156                DMA1_IRQHandler
                0x0000015e                DMA2_IRQHandler
                0x00000166                DMA3_IRQHandler
                0x0000016e                Reserved20_IRQHandler
                0x00000176                FTFA_IRQHandler
                0x0000017e                LVD_LVW_IRQHandler
                0x00000186                LLWU_IRQHandler
                0x0000018e                I2C0_IRQHandler
                0x00000196                I2C1_IRQHandler
                0x0000019e                SPI0_IRQHandler
                0x000001a6                SPI1_IRQHandler
                0x000001ae                UART0_IRQHandler
                0x000001b6                UART1_IRQHandler
                0x000001be                UART2_IRQHandler
                0x000001c6                ADC0_IRQHandler
                0x000001ce                CMP0_IRQHandler
                0x000001d6                TPM0_IRQHandler
                0x000001de                TPM1_IRQHandler
                0x000001e6                TPM2_IRQHandler
                0x000001ee                RTC_IRQHandler
                0x000001f6                RTC_Seconds_IRQHandler
                0x000001fe                PIT_IRQHandler
                0x00000206                Reserved39_IRQHandler
                0x0000020e                USB0_IRQHandler
                0x00000216                DAC0_IRQHandler
                0x0000021e                TSI0_IRQHandler
                0x00000226                MCG_IRQHandler
                0x0000022e                LPTMR0_IRQHandler
                0x00000236                Reserved45_IRQHandler
                0x0000023e                PORTA_IRQHandler
                0x00000400                . = 0x400
 *fill*         0x0000024e      0x1b2 ff
                0x00000400                PROVIDE (__FLASH_CONFIG_START__ = .)
 *(SORT_BY_ALIGNMENT(.FlashConfig))
 .FlashConfig   0x00000400       0x10 ./startup/startup_mkl25z4.o
                0x00000400                Flash_Config
                0x00000410                PROVIDE (__FLASH_CONFIG_END__ = .)
                0x00000001                ASSERT (! ((__FLASH_CONFIG_START__ == __FLASH_CONFIG_END__)), Linker Flash Config Support Enabled, but no .FlashConfig section provided within application)
 *(SORT_BY_ALIGNMENT(.text*))
 .text.DbgConsole_Init
                0x00000410       0xf4 ./utilities/fsl_debug_console.o
                0x00000410                DbgConsole_Init
 .text.DbgConsole_Printf
                0x00000504       0x44 ./utilities/fsl_debug_console.o
                0x00000504                DbgConsole_Printf
 .text.DbgConsole_Putchar
                0x00000548       0x34 ./utilities/fsl_debug_console.o
                0x00000548                DbgConsole_Putchar
 .text.DbgConsole_ConvertFloatRadixNumToString
                0x0000057c      0x28c ./utilities/fsl_debug_console.o
 .text.main     0x00000808       0x48 ./source/DigitalAngleGauge.o
                0x00000808                main
 .text.i2c_init
                0x00000850       0x84 ./source/I2C.o
                0x00000850                i2c_init
 .text.i2c_busy
                0x000008d4      0x174 ./source/I2C.o
                0x000008d4                i2c_busy
 .text.i2c_wait
                0x00000a48       0x6c ./source/I2C.o
                0x00000a48                i2c_wait
 .text.i2c_start
                0x00000ab4       0x30 ./source/I2C.o
                0x00000ab4                i2c_start
 .text.i2c_read_setup
                0x00000ae4       0x68 ./source/I2C.o
                0x00000ae4                i2c_read_setup
 .text.i2c_repeated_read
                0x00000b4c       0x80 ./source/I2C.o
                0x00000b4c                i2c_repeated_read
 .text.i2c_write_byte
                0x00000bcc       0x80 ./source/I2C.o
                0x00000bcc                i2c_write_byte
 .text.Color_Computation
                0x00000c4c       0x3c ./source/LED.o
                0x00000c4c                Color_Computation
 .text.LED_Blinker
                0x00000c88       0x88 ./source/LED.o
                0x00000c88                LED_Blinker
 .text.color_control
                0x00000d10      0x1c4 ./source/LED.o
                0x00000d10                color_control
 .text.Init_Blue_LED_PWM
                0x00000ed4       0xbc ./source/TPM.o
                0x00000ed4                Init_Blue_LED_PWM
 .text.Init_Green_LED_PWM
                0x00000f90       0xbc ./source/TPM.o
                0x00000f90                Init_Green_LED_PWM
 .text.Init_Red_LED_PWM
                0x0000104c       0xa4 ./source/TPM.o
                0x0000104c                Init_Red_LED_PWM
 .text.calibration_sequeunce
                0x000010f0       0xb8 ./source/calibrate.o
                0x000010f0                calibration_sequeunce
 .text.read_full_xyz
                0x000011a8       0xd8 ./source/mma8451.o
                0x000011a8                read_full_xyz
 .text.convert_xyz_to_roll_pitch
                0x00001280      0x12c ./source/mma8451.o
                0x00001280                convert_xyz_to_roll_pitch
 .text.__sys_write
                0x000013ac       0x74 ./source/retarget_itm.o
                0x000013ac                __sys_write
 .text.HardFault_Handler
                0x00001420       0x30 ./source/semihost_hardfault.o
                0x00001420                HardFault_Handler
 .text.state_machine
                0x00001450       0x60 ./source/state_machine.o
                0x00001450                state_machine
 .text.NVIC_EnableIRQ
                0x000014b0       0x2c ./source/switch.o
 .text.NVIC_ClearPendingIRQ
                0x000014dc       0x30 ./source/switch.o
 .text.NVIC_SetPriority
                0x0000150c       0xdc ./source/switch.o
 .text.PORTD_IRQHandler
                0x000015e8       0x4c ./source/switch.o
                0x000015e8                PORTD_IRQHandler
 .text.switch_init
                0x00001634       0x88 ./source/switch.o
                0x00001634                switch_init
 .text.get_status_switch
                0x000016bc       0x14 ./source/switch.o
                0x000016bc                get_status_switch
 .text.clear_switch_flag
                0x000016d0       0x1c ./source/switch.o
                0x000016d0                clear_switch_flag
 .text.NVIC_SetPriority
                0x000016ec       0xdc ./source/systick.o
 .text.Init_Systick
                0x000017c8       0x30 ./source/systick.o
                0x000017c8                Init_Systick
 .text.SysTick_Handler
                0x000017f8       0x30 ./source/systick.o
                0x000017f8                SysTick_Handler
 .text.reset_timer
                0x00001828       0x14 ./source/systick.o
                0x00001828                reset_timer
 .text.get_timer
                0x0000183c       0x14 ./source/systick.o
                0x0000183c                get_timer
 .text.CLOCK_SetEr32kClock
                0x00001850       0x34 ./drivers/fsl_clock.o
 .text.CLOCK_SetPllFllSelClock
                0x00001884       0x38 ./drivers/fsl_clock.o
 .text.CLOCK_GetMcgExtClkFreq
                0x000018bc       0x28 ./drivers/fsl_clock.o
 .text.CLOCK_GetFllExtRefClkFreq
                0x000018e4       0xa8 ./drivers/fsl_clock.o
 .text.CLOCK_GetFllRefClkFreq
                0x0000198c       0x2c ./drivers/fsl_clock.o
 .text.CLOCK_GetOscRangeFromFreq
                0x000019b8       0x4c ./drivers/fsl_clock.o
 .text.CLOCK_GetPllFllSelClkFreq
                0x00001a04       0x4c ./drivers/fsl_clock.o
                0x00001a04                CLOCK_GetPllFllSelClkFreq
 .text.CLOCK_SetSimConfig
                0x00001a50       0x38 ./drivers/fsl_clock.o
                0x00001a50                CLOCK_SetSimConfig
 .text.CLOCK_GetFllFreq
                0x00001a88       0x84 ./drivers/fsl_clock.o
                0x00001a88                CLOCK_GetFllFreq
 .text.CLOCK_GetPll0Freq
                0x00001b0c       0x70 ./drivers/fsl_clock.o
                0x00001b0c                CLOCK_GetPll0Freq
 .text.CLOCK_SetInternalRefClkConfig
                0x00001b7c      0x124 ./drivers/fsl_clock.o
                0x00001b7c                CLOCK_SetInternalRefClkConfig
 .text.CLOCK_EnablePll0
                0x00001ca0       0x94 ./drivers/fsl_clock.o
                0x00001ca0                CLOCK_EnablePll0
 .text.CLOCK_InitOsc0
                0x00001d34       0x94 ./drivers/fsl_clock.o
                0x00001d34                CLOCK_InitOsc0
 .text.CLOCK_SetPbeMode
                0x00001dc8       0xb0 ./drivers/fsl_clock.o
                0x00001dc8                CLOCK_SetPbeMode
 .text.CLOCK_BootToPeeMode
                0x00001e78       0x70 ./drivers/fsl_clock.o
                0x00001e78                CLOCK_BootToPeeMode
 .text.__assertion_failed
                0x00001ee8       0x1c ./drivers/fsl_common.o
                0x00001ee8                __assertion_failed
 .text.CLOCK_EnableClock
                0x00001f04       0x34 ./drivers/fsl_lpsci.o
 .text.LPSCI_GetInstance
                0x00001f38       0x48 ./drivers/fsl_lpsci.o
                0x00001f38                LPSCI_GetInstance
 .text.LPSCI_Init
                0x00001f80      0x258 ./drivers/fsl_lpsci.o
                0x00001f80                LPSCI_Init
 .text.LPSCI_GetDefaultConfig
                0x000021d8       0x44 ./drivers/fsl_lpsci.o
                0x000021d8                LPSCI_GetDefaultConfig
 .text.LPSCI_ClearStatusFlags
                0x0000221c       0x94 ./drivers/fsl_lpsci.o
                0x0000221c                LPSCI_ClearStatusFlags
 .text.LPSCI_WriteBlocking
                0x000022b0       0x4c ./drivers/fsl_lpsci.o
                0x000022b0                LPSCI_WriteBlocking
 .text.LPSCI_ReadBlocking
                0x000022fc       0xc0 ./drivers/fsl_lpsci.o
                0x000022fc                LPSCI_ReadBlocking
 .text.UART0_DriverIRQHandler
                0x000023bc       0x24 ./drivers/fsl_lpsci.o
                0x000023bc                UART0_DriverIRQHandler
 .text.CLOCK_EnableClock
                0x000023e0       0x34 ./drivers/fsl_uart.o
 .text.UART_GetInstance
                0x00002414       0x54 ./drivers/fsl_uart.o
                0x00002414                UART_GetInstance
 .text.UART_Init
                0x00002468      0x1e0 ./drivers/fsl_uart.o
                0x00002468                UART_Init
 .text.UART_GetDefaultConfig
                0x00002648       0x44 ./drivers/fsl_uart.o
                0x00002648                UART_GetDefaultConfig
 .text.UART_ReadBlocking
                0x0000268c       0x98 ./drivers/fsl_uart.o
                0x0000268c                UART_ReadBlocking
 .text.UART1_DriverIRQHandler
                0x00002724       0x24 ./drivers/fsl_uart.o
                0x00002724                UART1_DriverIRQHandler
 .text.UART2_DriverIRQHandler
                0x00002748       0x24 ./drivers/fsl_uart.o
                0x00002748                UART2_DriverIRQHandler
 .text.CLOCK_SetLpsci0Clock
                0x0000276c       0x38 ./board/board.o
 .text.BOARD_InitDebugConsole
                0x000027a4       0x30 ./board/board.o
                0x000027a4                BOARD_InitDebugConsole
 .text.CLOCK_SetSimSafeDivs
                0x000027d4       0x20 ./board/clock_config.o
 .text.CLOCK_SetXtal0Freq
                0x000027f4       0x1c ./board/clock_config.o
 .text.CLOCK_CONFIG_SetFllExtRefDiv
                0x00002810       0x3c ./board/clock_config.o
 .text.BOARD_BootClockRUN
                0x0000284c       0x64 ./board/clock_config.o
                0x0000284c                BOARD_BootClockRUN
 .text.CLOCK_EnableClock
                0x000028b0       0x34 ./board/pin_mux.o
 .text.PORT_SetPinMux
                0x000028e4       0x40 ./board/pin_mux.o
 .text.BOARD_InitPins
                0x00002924       0x4c ./board/pin_mux.o
                0x00002924                BOARD_InitPins
 .text.SystemInit
                0x00002970       0x18 ./CMSIS/system_MKL25Z4.o
                0x00002970                SystemInit
 .text.atan2    0x00002988      0x108 c:/nxp/mcuxpressoide_11.2.0_4120/ide/plugins/com.nxp.mcuxpresso.tools.win32_11.2.0.202001021529/tools/bin/../lib/gcc/arm-none-eabi/9.2.1/../../../../arm-none-eabi/lib/thumb/v6-m/nofp\libcr_c.a(atan2.o)
                0x00002988                atan2
 .text._initio  0x00002a90       0x7c c:/nxp/mcuxpressoide_11.2.0_4120/ide/plugins/com.nxp.mcuxpresso.tools.win32_11.2.0.202001021529/tools/bin/../lib/gcc/arm-none-eabi/9.2.1/../../../../arm-none-eabi/lib/thumb/v6-m/nofp\libcr_c.a(initio.o)
                0x00002a90                _initio
 .text.modf     0x00002b0c       0x9c c:/nxp/mcuxpressoide_11.2.0_4120/ide/plugins/com.nxp.mcuxpresso.tools.win32_11.2.0.202001021529/tools/bin/../lib/gcc/arm-none-eabi/9.2.1/../../../../arm-none-eabi/lib/thumb/v6-m/nofp\libcr_c.a(modf.o)
                0x00002b0c                modf
 .text.pow      0x00002ba8      0x548 c:/nxp/mcuxpressoide_11.2.0_4120/ide/plugins/com.nxp.mcuxpresso.tools.win32_11.2.0.202001021529/tools/bin/../lib/gcc/arm-none-eabi/9.2.1/../../../../arm-none-eabi/lib/thumb/v6-m/nofp\libcr_c.a(pow.o)
                0x00002ba8                pow
 .text.setvbuf  0x000030f0       0x4c c:/nxp/mcuxpressoide_11.2.0_4120/ide/plugins/com.nxp.mcuxpresso.tools.win32_11.2.0.202001021529/tools/bin/../lib/gcc/arm-none-eabi/9.2.1/../../../../arm-none-eabi/lib/thumb/v6-m/nofp\libcr_c.a(setvbuf.o)
                0x000030f0                setvbuf
 .text.strlen   0x0000313c       0x58 c:/nxp/mcuxpressoide_11.2.0_4120/ide/plugins/com.nxp.mcuxpresso.tools.win32_11.2.0.202001021529/tools/bin/../lib/gcc/arm-none-eabi/9.2.1/../../../../arm-none-eabi/lib/thumb/v6-m/nofp\libcr_c.a(strlen.o)
                0x0000313c                strlen
 .text._fdopen  0x00003194       0x74 c:/nxp/mcuxpressoide_11.2.0_4120/ide/plugins/com.nxp.mcuxpresso.tools.win32_11.2.0.202001021529/tools/bin/../lib/gcc/arm-none-eabi/9.2.1/../../../../arm-none-eabi/lib/thumb/v6-m/nofp\libcr_c.a(_fdopen.o)
                0x00003194                _fdopen
 .text.atan     0x00003208      0x204 c:/nxp/mcuxpressoide_11.2.0_4120/ide/plugins/com.nxp.mcuxpresso.tools.win32_11.2.0.202001021529/tools/bin/../lib/gcc/arm-none-eabi/9.2.1/../../../../arm-none-eabi/lib/thumb/v6-m/nofp\libcr_c.a(atan.o)
                0x00003208                atan
 .text.fclose   0x0000340c       0x5c c:/nxp/mcuxpressoide_11.2.0_4120/ide/plugins/com.nxp.mcuxpresso.tools.win32_11.2.0.202001021529/tools/bin/../lib/gcc/arm-none-eabi/9.2.1/../../../../arm-none-eabi/lib/thumb/v6-m/nofp\libcr_c.a(fclose.o)
                0x0000340c                fclose
 .text.fflush   0x00003468       0x44 c:/nxp/mcuxpressoide_11.2.0_4120/ide/plugins/com.nxp.mcuxpresso.tools.win32_11.2.0.202001021529/tools/bin/../lib/gcc/arm-none-eabi/9.2.1/../../../../arm-none-eabi/lib/thumb/v6-m/nofp\libcr_c.a(fflush.o)
                0x00003468                fflush
 .text.frexp    0x000034ac       0x80 c:/nxp/mcuxpressoide_11.2.0_4120/ide/plugins/com.nxp.mcuxpresso.tools.win32_11.2.0.202001021529/tools/bin/../lib/gcc/arm-none-eabi/9.2.1/../../../../arm-none-eabi/lib/thumb/v6-m/nofp\libcr_c.a(frexp.o)
                0x000034ac                frexp
 .text.fseek    0x0000352c       0xf4 c:/nxp/mcuxpressoide_11.2.0_4120/ide/plugins/com.nxp.mcuxpresso.tools.win32_11.2.0.202001021529/tools/bin/../lib/gcc/arm-none-eabi/9.2.1/../../../../arm-none-eabi/lib/thumb/v6-m/nofp\libcr_c.a(fseek.o)
                0x0000352c                fseek
 .text.ftell    0x00003620       0x48 c:/nxp/mcuxpressoide_11.2.0_4120/ide/plugins/com.nxp.mcuxpresso.tools.win32_11.2.0.202001021529/tools/bin/../lib/gcc/arm-none-eabi/9.2.1/../../../../arm-none-eabi/lib/thumb/v6-m/nofp\libcr_c.a(ftell.o)
                0x00003620                ftell
 .text.ldexp    0x00003668       0x58 c:/nxp/mcuxpressoide_11.2.0_4120/ide/plugins/com.nxp.mcuxpresso.tools.win32_11.2.0.202001021529/tools/bin/../lib/gcc/arm-none-eabi/9.2.1/../../../../arm-none-eabi/lib/thumb/v6-m/nofp\libcr_c.a(ldexp.o)
                0x00003668                ldexp
 .text._do_fflush
                0x000036c0       0x48 c:/nxp/mcuxpressoide_11.2.0_4120/ide/plugins/com.nxp.mcuxpresso.tools.win32_11.2.0.202001021529/tools/bin/../lib/gcc/arm-none-eabi/9.2.1/../../../../arm-none-eabi/lib/thumb/v6-m/nofp\libcr_c.a(_do_fflush.o)
                0x000036c0                _do_fflush
 .text._fflush  0x00003708       0x60 c:/nxp/mcuxpressoide_11.2.0_4120/ide/plugins/com.nxp.mcuxpresso.tools.win32_11.2.0.202001021529/tools/bin/../lib/gcc/arm-none-eabi/9.2.1/../../../../arm-none-eabi/lib/thumb/v6-m/nofp\libcr_c.a(_fflush.o)
                0x00003708                _fflush
 .text._Cwritebuf
                0x00003768       0x68 c:/nxp/mcuxpressoide_11.2.0_4120/ide/plugins/com.nxp.mcuxpresso.tools.win32_11.2.0.202001021529/tools/bin/../lib/gcc/arm-none-eabi/9.2.1/../../../../arm-none-eabi/lib/thumb/v6-m/nofp\libcr_c.a(_writebuf.o)
                0x00003768                _Cwritebuf
 .text._deferredlazyseek
                0x000037d0       0x40 c:/nxp/mcuxpressoide_11.2.0_4120/ide/plugins/com.nxp.mcuxpresso.tools.win32_11.2.0.202001021529/tools/bin/../lib/gcc/arm-none-eabi/9.2.1/../../../../arm-none-eabi/lib/thumb/v6-m/nofp\libcr_c.a(_deferredlazyseek.o)
                0x000037d0                _deferredlazyseek
 .text.__aeabi_dmul
                0x00003810      0x184 c:/nxp/mcuxpressoide_11.2.0_4120/ide/plugins/com.nxp.mcuxpresso.tools.win32_11.2.0.202001021529/tools/bin/../lib/gcc/arm-none-eabi/9.2.1/thumb/v6-m/nofp\libcr_eabihelpers.a(double.o)
                0x00003810                __aeabi_dmul
 .text.__aeabi_ddiv
                0x00003994      0x150 c:/nxp/mcuxpressoide_11.2.0_4120/ide/plugins/com.nxp.mcuxpresso.tools.win32_11.2.0.202001021529/tools/bin/../lib/gcc/arm-none-eabi/9.2.1/thumb/v6-m/nofp\libcr_eabihelpers.a(double.o)
                0x00003994                __aeabi_ddiv
 .text.__aeabi_dsub
                0x00003ae4      0x1e4 c:/nxp/mcuxpressoide_11.2.0_4120/ide/plugins/com.nxp.mcuxpresso.tools.win32_11.2.0.202001021529/tools/bin/../lib/gcc/arm-none-eabi/9.2.1/thumb/v6-m/nofp\libcr_eabihelpers.a(double.o)
                0x00003ae4                __aeabi_dsub
 .text.__aeabi_dadd
                0x00003cc8      0x134 c:/nxp/mcuxpressoide_11.2.0_4120/ide/plugins/com.nxp.mcuxpresso.tools.win32_11.2.0.202001021529/tools/bin/../lib/gcc/arm-none-eabi/9.2.1/thumb/v6-m/nofp\libcr_eabihelpers.a(double.o)
                0x00003cc8                __aeabi_dadd
 .text.__aeabi_d2f
                0x00003dfc       0x60 c:/nxp/mcuxpressoide_11.2.0_4120/ide/plugins/com.nxp.mcuxpresso.tools.win32_11.2.0.202001021529/tools/bin/../lib/gcc/arm-none-eabi/9.2.1/thumb/v6-m/nofp\libcr_eabihelpers.a(double.o)
                0x00003dfc                __aeabi_d2f
 .text.__aeabi_d2iz
                0x00003e5c       0x50 c:/nxp/mcuxpressoide_11.2.0_4120/ide/plugins/com.nxp.mcuxpresso.tools.win32_11.2.0.202001021529/tools/bin/../lib/gcc/arm-none-eabi/9.2.1/thumb/v6-m/nofp\libcr_eabihelpers.a(double.o)
                0x00003e5c                __aeabi_d2iz
 .text.__aeabi_d2lz
                0x00003eac       0x80 c:/nxp/mcuxpressoide_11.2.0_4120/ide/plugins/com.nxp.mcuxpresso.tools.win32_11.2.0.202001021529/tools/bin/../lib/gcc/arm-none-eabi/9.2.1/thumb/v6-m/nofp\libcr_eabihelpers.a(double.o)
                0x00003eac                __aeabi_d2lz
 .text.__bhs_ul2d
                0x00003f2c       0xac c:/nxp/mcuxpressoide_11.2.0_4120/ide/plugins/com.nxp.mcuxpresso.tools.win32_11.2.0.202001021529/tools/bin/../lib/gcc/arm-none-eabi/9.2.1/thumb/v6-m/nofp\libcr_eabihelpers.a(double.o)
                0x00003f2c                __bhs_ul2d
 .text.__aeabi_dcmpeq
                0x00003fd8       0x30 c:/nxp/mcuxpressoide_11.2.0_4120/ide/plugins/com.nxp.mcuxpresso.tools.win32_11.2.0.202001021529/tools/bin/../lib/gcc/arm-none-eabi/9.2.1/thumb/v6-m/nofp\libcr_eabihelpers.a(double.o)
                0x00003fd8                __aeabi_dcmpeq
 .text.__aeabi_dcmplt
                0x00004008       0x60 c:/nxp/mcuxpressoide_11.2.0_4120/ide/plugins/com.nxp.mcuxpresso.tools.win32_11.2.0.202001021529/tools/bin/../lib/gcc/arm-none-eabi/9.2.1/thumb/v6-m/nofp\libcr_eabihelpers.a(double.o)
                0x00004008                __aeabi_dcmplt
 .text.__aeabi_dcmpgt
                0x00004068       0x5c c:/nxp/mcuxpressoide_11.2.0_4120/ide/plugins/com.nxp.mcuxpresso.tools.win32_11.2.0.202001021529/tools/bin/../lib/gcc/arm-none-eabi/9.2.1/thumb/v6-m/nofp\libcr_eabihelpers.a(double.o)
                0x00004068                __aeabi_dcmpgt
 .text.__aeabi_dcmple
                0x000040c4       0x60 c:/nxp/mcuxpressoide_11.2.0_4120/ide/plugins/com.nxp.mcuxpresso.tools.win32_11.2.0.202001021529/tools/bin/../lib/gcc/arm-none-eabi/9.2.1/thumb/v6-m/nofp\libcr_eabihelpers.a(double.o)
                0x000040c4                __aeabi_dcmple
 .text.__aeabi_dcmpge
                0x00004124       0x64 c:/nxp/mcuxpressoide_11.2.0_4120/ide/plugins/com.nxp.mcuxpresso.tools.win32_11.2.0.202001021529/tools/bin/../lib/gcc/arm-none-eabi/9.2.1/thumb/v6-m/nofp\libcr_eabihelpers.a(double.o)
                0x00004124                __aeabi_dcmpge
 .text.__aeabi_fsub
                0x00004188      0x124 c:/nxp/mcuxpressoide_11.2.0_4120/ide/plugins/com.nxp.mcuxpresso.tools.win32_11.2.0.202001021529/tools/bin/../lib/gcc/arm-none-eabi/9.2.1/thumb/v6-m/nofp\libcr_eabihelpers.a(float.o)
                0x00004188                __aeabi_fsub
 .text.__aeabi_fadd
                0x000042ac       0xac c:/nxp/mcuxpressoide_11.2.0_4120/ide/plugins/com.nxp.mcuxpresso.tools.win32_11.2.0.202001021529/tools/bin/../lib/gcc/arm-none-eabi/9.2.1/thumb/v6-m/nofp\libcr_eabihelpers.a(float.o)
                0x000042ac                __aeabi_fadd
 .text.__aeabi_f2iz
                0x00004358       0x3c c:/nxp/mcuxpressoide_11.2.0_4120/ide/plugins/com.nxp.mcuxpresso.tools.win32_11.2.0.202001021529/tools/bin/../lib/gcc/arm-none-eabi/9.2.1/thumb/v6-m/nofp\libcr_eabihelpers.a(float.o)
                0x00004358                __aeabi_f2iz
 .text.__aeabi_f2d
                0x00004394       0x40 c:/nxp/mcuxpressoide_11.2.0_4120/ide/plugins/com.nxp.mcuxpresso.tools.win32_11.2.0.202001021529/tools/bin/../lib/gcc/arm-none-eabi/9.2.1/thumb/v6-m/nofp\libcr_eabihelpers.a(float.o)
                0x00004394                __aeabi_f2d
 .text.UART_EnableTx
                0x000043d4       0x40 ./utilities/fsl_debug_console.o
 .text.UART_EnableRx
                0x00004414       0x40 ./utilities/fsl_debug_console.o
 .text.LPSCI_EnableTx
                0x00004454       0x40 ./utilities/fsl_debug_console.o
 .text.LPSCI_EnableRx
                0x00004494       0x40 ./utilities/fsl_debug_console.o
 .text.DbgConsole_PrintfPaddingCharacter
                0x000044d4       0x48 ./utilities/fsl_debug_console.o
 .text.DbgConsole_ConvertRadixNumToString
                0x0000451c      0x114 ./utilities/fsl_debug_console.o
 .text.DbgConsole_PrintfFormattedData
                0x00004630      0x378 ./utilities/fsl_debug_console.o
 .text.init_mma
                0x000049a8       0x16 ./source/mma8451.o
                0x000049a8                init_mma
 .text.delay_systick
                0x000049be       0x3a ./source/systick.o
                0x000049be                delay_systick
 .text.OSC_SetExtRefClkConfig
                0x000049f8       0x3e ./drivers/fsl_clock.o
 .text.OSC_SetCapLoad
                0x00004a36       0x42 ./drivers/fsl_clock.o
 .text.CLOCK_GetPll0RefFreq
                0x00004a78       0x10 ./drivers/fsl_clock.o
 .text.CLOCK_SetExternalRefClkConfig
                0x00004a88       0x16 ./drivers/fsl_clock.o
                0x00004a88                CLOCK_SetExternalRefClkConfig
 .text.LPSCI_GetStatusFlags
                0x00004a9e       0x26 ./drivers/fsl_lpsci.o
                0x00004a9e                LPSCI_GetStatusFlags
 .text.UART_GetStatusFlags
                0x00004ac4       0x26 ./drivers/fsl_uart.o
                0x00004ac4                UART_GetStatusFlags
 .text.UART_WriteBlocking
                0x00004aea       0x3c ./drivers/fsl_uart.o
                0x00004aea                UART_WriteBlocking
 .text.BOARD_InitBootClocks
                0x00004b26        0xe ./board/clock_config.o
                0x00004b26                BOARD_InitBootClocks
 .text.BOARD_InitBootPeripherals
                0x00004b34        0xa ./board/peripherals.o
                0x00004b34                BOARD_InitBootPeripherals
 .text.BOARD_InitBootPins
                0x00004b3e        0xe ./board/pin_mux.o
                0x00004b3e                BOARD_InitBootPins
 .text.__main   0x00004b4c        0xc c:/nxp/mcuxpressoide_11.2.0_4120/ide/plugins/com.nxp.mcuxpresso.tools.win32_11.2.0.202001021529/tools/bin/../lib/gcc/arm-none-eabi/9.2.1/../../../../arm-none-eabi/lib/thumb/v6-m/nofp\libcr_nohost_nf.a(_cr__main.o)
                0x00004b4c                __main
 .text.memset   0x00004b58        0x8 c:/nxp/mcuxpressoide_11.2.0_4120/ide/plugins/com.nxp.mcuxpresso.tools.win32_11.2.0.202001021529/tools/bin/../lib/gcc/arm-none-eabi/9.2.1/../../../../arm-none-eabi/lib/thumb/v6-m/nofp\libcr_c.a(memset.o)
                0x00004b58                memset
 .text.fabs     0x00004b60       0x22 c:/nxp/mcuxpressoide_11.2.0_4120/ide/plugins/com.nxp.mcuxpresso.tools.win32_11.2.0.202001021529/tools/bin/../lib/gcc/arm-none-eabi/9.2.1/../../../../arm-none-eabi/lib/thumb/v6-m/nofp\libcr_c.a(fabs.o)
                0x00004b60                fabs
 .text.abs      0x00004b82        0x8 c:/nxp/mcuxpressoide_11.2.0_4120/ide/plugins/com.nxp.mcuxpresso.tools.win32_11.2.0.202001021529/tools/bin/../lib/gcc/arm-none-eabi/9.2.1/../../../../arm-none-eabi/lib/thumb/v6-m/nofp\libcr_c.a(stdlib.o)
                0x00004b82                abs
 .text.remove   0x00004b8a       0x12 c:/nxp/mcuxpressoide_11.2.0_4120/ide/plugins/com.nxp.mcuxpresso.tools.win32_11.2.0.202001021529/tools/bin/../lib/gcc/arm-none-eabi/9.2.1/../../../../arm-none-eabi/lib/thumb/v6-m/nofp\libcr_c.a(remove.o)
                0x00004b8a                remove
 .text.free     0x00004b9c       0x2c c:/nxp/mcuxpressoide_11.2.0_4120/ide/plugins/com.nxp.mcuxpresso.tools.win32_11.2.0.202001021529/tools/bin/../lib/gcc/arm-none-eabi/9.2.1/../../../../arm-none-eabi/lib/thumb/v6-m/nofp\libcr_c.a(alloc.o)
                0x00004b9c                free
 .text.__aeabi_division_idivmod
                0x00004bc8       0x78 c:/nxp/mcuxpressoide_11.2.0_4120/ide/plugins/com.nxp.mcuxpresso.tools.win32_11.2.0.202001021529/tools/bin/../lib/gcc/arm-none-eabi/9.2.1/thumb/v6-m/nofp\libcr_eabihelpers.a(division_32.o)
                0x00004bc8                __aeabi_idivmod
                0x00004bc8                __aeabi_idiv
                0x00004bce                __aeabi_uidivmod
                0x00004bce                __aeabi_uidiv
 .text.__aeabi_division_idiv0
                0x00004c40        0x2 c:/nxp/mcuxpressoide_11.2.0_4120/ide/plugins/com.nxp.mcuxpresso.tools.win32_11.2.0.202001021529/tools/bin/../lib/gcc/arm-none-eabi/9.2.1/thumb/v6-m/nofp\libcr_eabihelpers.a(division_idiv0.o)
                0x00004c40                __aeabi_idiv0
 .text.__bhs_ui2d
                0x00004c42       0x5e c:/nxp/mcuxpressoide_11.2.0_4120/ide/plugins/com.nxp.mcuxpresso.tools.win32_11.2.0.202001021529/tools/bin/../lib/gcc/arm-none-eabi/9.2.1/thumb/v6-m/nofp\libcr_eabihelpers.a(double.o)
                0x00004c42                __bhs_ui2d
 .text.__aeabi_i2d
                0x00004ca0       0x18 c:/nxp/mcuxpressoide_11.2.0_4120/ide/plugins/com.nxp.mcuxpresso.tools.win32_11.2.0.202001021529/tools/bin/../lib/gcc/arm-none-eabi/9.2.1/thumb/v6-m/nofp\libcr_eabihelpers.a(double.o)
                0x00004ca0                __aeabi_i2d
 .text.__aeabi_ui2d
                0x00004cb8        0xc c:/nxp/mcuxpressoide_11.2.0_4120/ide/plugins/com.nxp.mcuxpresso.tools.win32_11.2.0.202001021529/tools/bin/../lib/gcc/arm-none-eabi/9.2.1/thumb/v6-m/nofp\libcr_eabihelpers.a(double.o)
                0x00004cb8                __aeabi_ui2d
 .text.__aeabi_l2d
                0x00004cc4       0x24 c:/nxp/mcuxpressoide_11.2.0_4120/ide/plugins/com.nxp.mcuxpresso.tools.win32_11.2.0.202001021529/tools/bin/../lib/gcc/arm-none-eabi/9.2.1/thumb/v6-m/nofp\libcr_eabihelpers.a(double.o)
                0x00004cc4                __aeabi_l2d
 .text.__aeabi_llong_lmul
                0x00004ce8       0x2e c:/nxp/mcuxpressoide_11.2.0_4120/ide/plugins/com.nxp.mcuxpresso.tools.win32_11.2.0.202001021529/tools/bin/../lib/gcc/arm-none-eabi/9.2.1/thumb/v6-m/nofp\libcr_eabihelpers.a(llong.o)
                0x00004ce8                __aeabi_lmul
 .text.__aeabi_memset_lowlevel
                0x00004d16       0x2a c:/nxp/mcuxpressoide_11.2.0_4120/ide/plugins/com.nxp.mcuxpresso.tools.win32_11.2.0.202001021529/tools/bin/../lib/gcc/arm-none-eabi/9.2.1/thumb/v6-m/nofp\libcr_eabihelpers.a(memcpy.o)
                0x00004d16                __aeabi_lowlevel_memset
 .text.__sys_close
                0x00004d40        0x6 c:/nxp/mcuxpressoide_11.2.0_4120/ide/plugins/com.nxp.mcuxpresso.tools.win32_11.2.0.202001021529/tools/bin/../lib/gcc/arm-none-eabi/9.2.1/../../../../arm-none-eabi/lib/thumb/v6-m/nofp\libcr_nohost_nf.a(__sys_close.o)
                0x00004d40                __sys_close
 .text.__sys_flen
                0x00004d46        0x6 c:/nxp/mcuxpressoide_11.2.0_4120/ide/plugins/com.nxp.mcuxpresso.tools.win32_11.2.0.202001021529/tools/bin/../lib/gcc/arm-none-eabi/9.2.1/../../../../arm-none-eabi/lib/thumb/v6-m/nofp\libcr_nohost_nf.a(__sys_flen.o)
                0x00004d46                __sys_flen
 .text.__sys_istty
                0x00004d4c        0x6 c:/nxp/mcuxpressoide_11.2.0_4120/ide/plugins/com.nxp.mcuxpresso.tools.win32_11.2.0.202001021529/tools/bin/../lib/gcc/arm-none-eabi/9.2.1/../../../../arm-none-eabi/lib/thumb/v6-m/nofp\libcr_nohost_nf.a(__sys_istty.o)
                0x00004d4c                __sys_istty
 .text.__sys_remove
                0x00004d52        0x6 c:/nxp/mcuxpressoide_11.2.0_4120/ide/plugins/com.nxp.mcuxpresso.tools.win32_11.2.0.202001021529/tools/bin/../lib/gcc/arm-none-eabi/9.2.1/../../../../arm-none-eabi/lib/thumb/v6-m/nofp\libcr_nohost_nf.a(__sys_remove.o)
                0x00004d52                __sys_remove
 .text.__sys_seek
                0x00004d58        0x6 c:/nxp/mcuxpressoide_11.2.0_4120/ide/plugins/com.nxp.mcuxpresso.tools.win32_11.2.0.202001021529/tools/bin/../lib/gcc/arm-none-eabi/9.2.1/../../../../arm-none-eabi/lib/thumb/v6-m/nofp\libcr_nohost_nf.a(__sys_seek.o)
                0x00004d58                __sys_seek
 .text.__sys_tmpnam
                0x00004d5e        0x6 c:/nxp/mcuxpressoide_11.2.0_4120/ide/plugins/com.nxp.mcuxpresso.tools.win32_11.2.0.202001021529/tools/bin/../lib/gcc/arm-none-eabi/9.2.1/../../../../arm-none-eabi/lib/thumb/v6-m/nofp\libcr_nohost_nf.a(__sys_tmpnam.o)
                0x00004d5e                __sys_tmpnam
 *(SORT_BY_ALIGNMENT(.rodata) SORT_BY_ALIGNMENT(.rodata.*) SORT_BY_ALIGNMENT(.constdata) SORT_BY_ALIGNMENT(.constdata.*))
 *fill*         0x00004d64        0x4 ff
 .rodata.a1.3959
                0x00004d68       0x88 c:/nxp/mcuxpressoide_11.2.0_4120/ide/plugins/com.nxp.mcuxpresso.tools.win32_11.2.0.202001021529/tools/bin/../lib/gcc/arm-none-eabi/9.2.1/../../../../arm-none-eabi/lib/thumb/v6-m/nofp\libcr_c.a(pow.o)
 .rodata.a2.3960
                0x00004df0       0x40 c:/nxp/mcuxpressoide_11.2.0_4120/ide/plugins/com.nxp.mcuxpresso.tools.win32_11.2.0.202001021529/tools/bin/../lib/gcc/arm-none-eabi/9.2.1/../../../../arm-none-eabi/lib/thumb/v6-m/nofp\libcr_c.a(pow.o)
 .rodata.a.3949
                0x00004e30       0x20 c:/nxp/mcuxpressoide_11.2.0_4120/ide/plugins/com.nxp.mcuxpresso.tools.win32_11.2.0.202001021529/tools/bin/../lib/gcc/arm-none-eabi/9.2.1/../../../../arm-none-eabi/lib/thumb/v6-m/nofp\libcr_c.a(atan.o)
 .rodata.color_control.str1.4
                0x00004e50       0x1a ./source/LED.o
 *fill*         0x00004e6a        0x2 ff
 .rodata.calibration_sequeunce.str1.4
                0x00004e6c       0x7a ./source/calibrate.o
 *fill*         0x00004ee6        0x2 ff
 .rodata.CLOCK_GetMcgExtClkFreq.str1.4
                0x00004ee8       0x1f ./drivers/fsl_clock.o
 *fill*         0x00004f07        0x1 ff
 .rodata.CLOCK_GetPll0Freq.str1.4
                0x00004f08       0x1e ./drivers/fsl_clock.o
 *fill*         0x00004f26        0x2 ff
 .rodata.CLOCK_EnablePll0.str1.4
                0x00004f28       0x1a ./drivers/fsl_clock.o
 *fill*         0x00004f42        0x2 ff
 .rodata.CLOCK_SetPbeMode.str1.4
                0x00004f44       0x1b ./drivers/fsl_clock.o
 *fill*         0x00004f5f        0x1 ff
 .rodata.CLOCK_BootToPeeMode.str1.4
                0x00004f60       0x1b ./drivers/fsl_clock.o
 *fill*         0x00004f7b        0x1 ff
 .rodata.fllFactorTable.5210
                0x00004f7c       0x10 ./drivers/fsl_clock.o
 .rodata.__assertion_failed.str1.4
                0x00004f8c        0x4 ./drivers/fsl_common.o
 .rodata.LPSCI_GetInstance.str1.4
                0x00004f90       0x37 ./drivers/fsl_lpsci.o
 *fill*         0x00004fc7        0x1 ff
 .rodata.LPSCI_Init.str1.4
                0x00004fc8       0x44 ./drivers/fsl_lpsci.o
 .rodata.LPSCI_GetDefaultConfig.str1.4
                0x0000500c       0x1a ./drivers/fsl_lpsci.o
 *fill*         0x00005026        0x2 ff
 .rodata.LPSCI_WriteBlocking.str1.4
                0x00005028       0x18 ./drivers/fsl_lpsci.o
 .rodata.LPSCI_ReadBlocking.str1.4
                0x00005040       0x18 ./drivers/fsl_lpsci.o
 .rodata.s_uartBases
                0x00005058        0xc ./drivers/fsl_uart.o
 .rodata.s_uartClock
                0x00005064        0xc ./drivers/fsl_uart.o
 .rodata.UART_GetInstance.str1.4
                0x00005070       0x2c ./drivers/fsl_uart.o
 .rodata.UART_Init.str1.4
                0x0000509c       0x43 ./drivers/fsl_uart.o
 *fill*         0x000050df        0x1 ff
 .rodata.UART_GetDefaultConfig.str1.4
                0x000050e0       0x19 ./drivers/fsl_uart.o
 *fill*         0x000050f9        0x3 ff
 .rodata.UART_ReadBlocking.str1.4
                0x000050fc       0x17 ./drivers/fsl_uart.o
 *fill*         0x00005113        0x1 ff
 .rodata.mcgConfig_BOARD_BootClockRUN
                0x00005114        0xa ./board/clock_config.o
                0x00005114                mcgConfig_BOARD_BootClockRUN
 *fill*         0x0000511e        0x2 ff
 .rodata.simConfig_BOARD_BootClockRUN
                0x00005120        0x8 ./board/clock_config.o
                0x00005120                simConfig_BOARD_BootClockRUN
 .rodata.oscConfig_BOARD_BootClockRUN
                0x00005128        0x8 ./board/clock_config.o
                0x00005128                oscConfig_BOARD_BootClockRUN
 .rodata.__num_Ciob_streams
                0x00005130        0x4 c:/nxp/mcuxpressoide_11.2.0_4120/ide/plugins/com.nxp.mcuxpresso.tools.win32_11.2.0.202001021529/tools/bin/../lib/gcc/arm-none-eabi/9.2.1/../../../../arm-none-eabi/lib/thumb/v6-m/nofp\libcr_nohost_nf.a(__ciob.o)
                0x00005130                __num_Ciob_streams
 .rodata._initio.str1.1
                0x00005134        0x4 c:/nxp/mcuxpressoide_11.2.0_4120/ide/plugins/com.nxp.mcuxpresso.tools.win32_11.2.0.202001021529/tools/bin/../lib/gcc/arm-none-eabi/9.2.1/../../../../arm-none-eabi/lib/thumb/v6-m/nofp\libcr_c.a(initio.o)
                0x00005138                . = ALIGN (0x4)

.glue_7         0x00005138        0x0
 .glue_7        0x00005138        0x0 linker stubs

.glue_7t        0x00005138        0x0
 .glue_7t       0x00005138        0x0 linker stubs

.vfp11_veneer   0x00005138        0x0
 .vfp11_veneer  0x00005138        0x0 linker stubs

.v4_bx          0x00005138        0x0
 .v4_bx         0x00005138        0x0 linker stubs

.iplt           0x00005138        0x0
 .iplt          0x00005138        0x0 ./utilities/fsl_debug_console.o

.rel.dyn        0x00005138        0x0
 .rel.iplt      0x00005138        0x0 ./utilities/fsl_debug_console.o

.ARM.extab
 *(SORT_BY_ALIGNMENT(.ARM.extab*) SORT_BY_ALIGNMENT(.gnu.linkonce.armextab.*))

.ARM.exidx      0x00005138        0x0
                0x00005138                __exidx_start = .
 *(SORT_BY_ALIGNMENT(.ARM.exidx*) SORT_BY_ALIGNMENT(.gnu.linkonce.armexidx.*))
                0x00005138                __exidx_end = .
                0x00005138                _etext = .

.m_usb_data
 *(SORT_BY_ALIGNMENT(m_usb_bdt))

.mtb_buffer_default
                0x1ffff000       0x80
 *(SORT_BY_ALIGNMENT(.mtb*))
 .mtb.$RAM1     0x1ffff000       0x80 ./source/mtb.o
                0x1ffff000                __mtb_buffer__

.uninit_RESERVED
                0x1ffff080        0x0
                0x1ffff080                _start_uninit_RESERVED = .
 *(SORT_BY_ALIGNMENT(.bss.$RESERVED*))
                0x1ffff080                . = ALIGN (0x4)
                0x1ffff080                _end_uninit_RESERVED = .

.data           0x1ffff080        0x8 load address 0x00005138
 FILL mask 0xff
                0x1ffff080                _data = .
                [!provide]                PROVIDE (__start_data_RAM = .)
                [!provide]                PROVIDE (__start_data_SRAM = .)
 *(SORT_BY_ALIGNMENT(vtable))
 *(SORT_BY_ALIGNMENT(.ramfunc*))
 *(SORT_BY_ALIGNMENT(CodeQuickAccess))
 *(SORT_BY_ALIGNMENT(DataQuickAccess))
 *(SORT_BY_ALIGNMENT(RamFunction))
 *(SORT_BY_ALIGNMENT(.data*))
 .data.s_slowIrcFreq
                0x1ffff080        0x4 ./drivers/fsl_clock.o
 .data.SystemCoreClock
                0x1ffff084        0x4 ./CMSIS/system_MKL25Z4.o
                0x1ffff084                SystemCoreClock
                0x1ffff088                . = ALIGN (0x4)
                0x1ffff088                _edata = .
                [!provide]                PROVIDE (__end_data_RAM = .)
                [!provide]                PROVIDE (__end_data_SRAM = .)

.igot.plt       0x1ffff088        0x0 load address 0x00005140
 .igot.plt      0x1ffff088        0x0 ./utilities/fsl_debug_console.o

.bss            0x1ffff088      0x10c
                0x1ffff088                _bss = .
                [!provide]                PROVIDE (__start_bss_RAM = .)
                [!provide]                PROVIDE (__start_bss_SRAM = .)
 *(SORT_BY_ALIGNMENT(.bss*))
 .bss.s_debugConsole
                0x1ffff088       0x10 ./utilities/fsl_debug_console.o
 .bss.lock_detect
                0x1ffff098        0x4 ./source/I2C.o
 .bss.i2c_lock  0x1ffff09c        0x4 ./source/I2C.o
 .bss.Formula.5574
                0x1ffff0a0        0x4 ./source/LED.o
 .bss.roll      0x1ffff0a4        0x4 ./source/mma8451.o
                0x1ffff0a4                roll
 .bss.pitch     0x1ffff0a8        0x4 ./source/mma8451.o
                0x1ffff0a8                pitch
 .bss.ticktime  0x1ffff0ac        0x4 ./source/systick.o
 .bss.reset_tick_timer
                0x1ffff0b0        0x4 ./source/systick.o
 .bss.g_xtal0Freq
                0x1ffff0b4        0x4 ./drivers/fsl_clock.o
                0x1ffff0b4                g_xtal0Freq
 .bss.s_lpsciHandle
                0x1ffff0b8        0x4 ./drivers/fsl_lpsci.o
 .bss.s_lpsciIsr
                0x1ffff0bc        0x4 ./drivers/fsl_lpsci.o
 .bss.s_uartHandle
                0x1ffff0c0        0xc ./drivers/fsl_uart.o
 .bss.s_uartIsr
                0x1ffff0cc        0x4 ./drivers/fsl_uart.o
 .bss.errno     0x1ffff0d0        0x4 c:/nxp/mcuxpressoide_11.2.0_4120/ide/plugins/com.nxp.mcuxpresso.tools.win32_11.2.0.202001021529/tools/bin/../lib/gcc/arm-none-eabi/9.2.1/../../../../arm-none-eabi/lib/thumb/v6-m/nofp\libcr_c.a(errno.o)
                0x1ffff0d0                errno
 .bss.__Ciob    0x1ffff0d4       0xb4 c:/nxp/mcuxpressoide_11.2.0_4120/ide/plugins/com.nxp.mcuxpresso.tools.win32_11.2.0.202001021529/tools/bin/../lib/gcc/arm-none-eabi/9.2.1/../../../../arm-none-eabi/lib/thumb/v6-m/nofp\libcr_nohost_nf.a(__ciob.o)
                0x1ffff0d4                __Ciob
 .bss.acc_X     0x1ffff188        0x2 ./source/mma8451.o
                0x1ffff188                acc_X
 .bss.acc_Y     0x1ffff18a        0x2 ./source/mma8451.o
                0x1ffff18a                acc_Y
 .bss.acc_Z     0x1ffff18c        0x2 ./source/mma8451.o
                0x1ffff18c                acc_Z
 .bss.red.5581  0x1ffff18e        0x1 ./source/LED.o
 .bss.green.5582
                0x1ffff18f        0x1 ./source/LED.o
 .bss.blue.5583
                0x1ffff190        0x1 ./source/LED.o
 .bss.NextState.4602
                0x1ffff191        0x1 ./source/state_machine.o
 .bss.switch_flag
                0x1ffff192        0x1 ./source/switch.o
 .bss.interrupt_status_flag
                0x1ffff193        0x1 ./source/systick.o
 *(SORT_BY_ALIGNMENT(COMMON))
                0x1ffff194                . = ALIGN (0x4)
                0x1ffff194                _ebss = .
                [!provide]                PROVIDE (__end_bss_RAM = .)
                [!provide]                PROVIDE (__end_bss_SRAM = .)
                [!provide]                PROVIDE (end = .)

.noinit         0x1ffff194        0x0
                0x1ffff194                _noinit = .
                [!provide]                PROVIDE (__start_noinit_RAM = .)
                [!provide]                PROVIDE (__start_noinit_SRAM = .)
 *(SORT_BY_ALIGNMENT(.noinit*))
                0x1ffff194                . = ALIGN (0x4)
                0x1ffff194                _end_noinit = .
                [!provide]                PROVIDE (__end_noinit_RAM = .)
                [!provide]                PROVIDE (__end_noinit_SRAM = .)
                0x00000400                _HeapSize = 0x400

.heap           0x1ffff194      0x400
                0x1ffff194                _pvHeapStart = .
                0x1ffff594                . = (. + _HeapSize)
 *fill*         0x1ffff194      0x400 
                0x1ffff594                . = ALIGN (0x4)
                0x1ffff594                _pvHeapLimit = .
                0x00000400                _StackSize = 0x400

.heap2stackfill
                0x1ffff594      0x400
                0x1ffff994                . = (. + _StackSize)
 *fill*         0x1ffff594      0x400 

.stack          0x20002c00        0x0
                0x20002c00                _vStackBase = .
                0x20002c00                . = ALIGN (0x4)
                0x20003000                _vStackTop = (. + _StackSize)
                0x00000000                _image_start = LOADADDR (.text)
                0x00005140                _image_end = (LOADADDR (.data) + SIZEOF (.data))
                0x00005140                _image_size = (_image_end - _image_start)
OUTPUT(DigitalAngleGauge.axf elf32-littlearm)

.debug_info     0x00000000     0xa332
 .debug_info    0x00000000      0xfbd ./utilities/fsl_debug_console.o
 .debug_info    0x00000fbd      0x4df ./startup/startup_mkl25z4.o
 .debug_info    0x0000149c      0x564 ./source/DigitalAngleGauge.o
 .debug_info    0x00001a00      0x579 ./source/I2C.o
 .debug_info    0x00001f79      0x412 ./source/LED.o
 .debug_info    0x0000238b      0x5d0 ./source/TPM.o
 .debug_info    0x0000295b      0x172 ./source/calibrate.o
 .debug_info    0x00002acd      0x3b3 ./source/mma8451.o
 .debug_info    0x00002e80       0x53 ./source/mtb.o
 .debug_info    0x00002ed3      0x16f ./source/retarget_itm.o
 .debug_info    0x00003042       0x3c ./source/semihost_hardfault.o
 .debug_info    0x0000307e      0x15b ./source/state_machine.o
 .debug_info    0x000031d9      0x784 ./source/switch.o
 .debug_info    0x0000395d      0x675 ./source/systick.o
 .debug_info    0x00003fd2     0x1a97 ./drivers/fsl_clock.o
 .debug_info    0x00005a69      0x444 ./drivers/fsl_common.o
 .debug_info    0x00005ead     0x1469 ./drivers/fsl_lpsci.o
 .debug_info    0x00007316     0x140a ./drivers/fsl_uart.o
 .debug_info    0x00008720      0x6fa ./board/board.o
 .debug_info    0x00008e1a      0xb00 ./board/clock_config.o
 .debug_info    0x0000991a       0x3c ./board/peripherals.o
 .debug_info    0x00009956      0x5a3 ./board/pin_mux.o
 .debug_info    0x00009ef9      0x439 ./CMSIS/system_MKL25Z4.o

.debug_abbrev   0x00000000     0x25a6
 .debug_abbrev  0x00000000      0x2d7 ./utilities/fsl_debug_console.o
 .debug_abbrev  0x000002d7      0x18d ./startup/startup_mkl25z4.o
 .debug_abbrev  0x00000464      0x12e ./source/DigitalAngleGauge.o
 .debug_abbrev  0x00000592      0x1df ./source/I2C.o
 .debug_abbrev  0x00000771      0x191 ./source/LED.o
 .debug_abbrev  0x00000902      0x183 ./source/TPM.o
 .debug_abbrev  0x00000a85       0xb2 ./source/calibrate.o
 .debug_abbrev  0x00000b37      0x12a ./source/mma8451.o
 .debug_abbrev  0x00000c61       0x46 ./source/mtb.o
 .debug_abbrev  0x00000ca7       0xda ./source/retarget_itm.o
 .debug_abbrev  0x00000d81       0x31 ./source/semihost_hardfault.o
 .debug_abbrev  0x00000db2       0xc7 ./source/state_machine.o
 .debug_abbrev  0x00000e79      0x1e4 ./source/switch.o
 .debug_abbrev  0x0000105d      0x252 ./source/systick.o
 .debug_abbrev  0x000012af      0x36f ./drivers/fsl_clock.o
 .debug_abbrev  0x0000161e      0x275 ./drivers/fsl_common.o
 .debug_abbrev  0x00001893      0x309 ./drivers/fsl_lpsci.o
 .debug_abbrev  0x00001b9c      0x323 ./drivers/fsl_uart.o
 .debug_abbrev  0x00001ebf      0x185 ./board/board.o
 .debug_abbrev  0x00002044      0x220 ./board/clock_config.o
 .debug_abbrev  0x00002264       0x31 ./board/peripherals.o
 .debug_abbrev  0x00002295      0x1bb ./board/pin_mux.o
 .debug_abbrev  0x00002450      0x156 ./CMSIS/system_MKL25Z4.o

.debug_aranges  0x00000000      0x9c8
 .debug_aranges
                0x00000000       0x98 ./utilities/fsl_debug_console.o
 .debug_aranges
                0x00000098      0x160 ./startup/startup_mkl25z4.o
 .debug_aranges
                0x000001f8       0x20 ./source/DigitalAngleGauge.o
 .debug_aranges
                0x00000218       0x58 ./source/I2C.o
 .debug_aranges
                0x00000270       0x38 ./source/LED.o
 .debug_aranges
                0x000002a8       0x38 ./source/TPM.o
 .debug_aranges
                0x000002e0       0x20 ./source/calibrate.o
 .debug_aranges
                0x00000300       0x38 ./source/mma8451.o
 .debug_aranges
                0x00000338       0x18 ./source/mtb.o
 .debug_aranges
                0x00000350       0x28 ./source/retarget_itm.o
 .debug_aranges
                0x00000378       0x20 ./source/semihost_hardfault.o
 .debug_aranges
                0x00000398       0x20 ./source/state_machine.o
 .debug_aranges
                0x000003b8       0x50 ./source/switch.o
 .debug_aranges
                0x00000408       0x68 ./source/systick.o
 .debug_aranges
                0x00000470      0x1d8 ./drivers/fsl_clock.o
 .debug_aranges
                0x00000648       0x38 ./drivers/fsl_common.o
 .debug_aranges
                0x00000680      0x118 ./drivers/fsl_lpsci.o
 .debug_aranges
                0x00000798      0x130 ./drivers/fsl_uart.o
 .debug_aranges
                0x000008c8       0x28 ./board/board.o
 .debug_aranges
                0x000008f0       0x58 ./board/clock_config.o
 .debug_aranges
                0x00000948       0x20 ./board/peripherals.o
 .debug_aranges
                0x00000968       0x38 ./board/pin_mux.o
 .debug_aranges
                0x000009a0       0x28 ./CMSIS/system_MKL25Z4.o

.debug_ranges   0x00000000      0x850
 .debug_ranges  0x00000000       0x88 ./utilities/fsl_debug_console.o
 .debug_ranges  0x00000088      0x150 ./startup/startup_mkl25z4.o
 .debug_ranges  0x000001d8       0x10 ./source/DigitalAngleGauge.o
 .debug_ranges  0x000001e8       0x48 ./source/I2C.o
 .debug_ranges  0x00000230       0x28 ./source/LED.o
 .debug_ranges  0x00000258       0x28 ./source/TPM.o
 .debug_ranges  0x00000280       0x10 ./source/calibrate.o
 .debug_ranges  0x00000290       0x28 ./source/mma8451.o
 .debug_ranges  0x000002b8       0x18 ./source/retarget_itm.o
 .debug_ranges  0x000002d0       0x10 ./source/semihost_hardfault.o
 .debug_ranges  0x000002e0       0x10 ./source/state_machine.o
 .debug_ranges  0x000002f0       0x40 ./source/switch.o
 .debug_ranges  0x00000330       0x58 ./source/systick.o
 .debug_ranges  0x00000388      0x1c8 ./drivers/fsl_clock.o
 .debug_ranges  0x00000550       0x28 ./drivers/fsl_common.o
 .debug_ranges  0x00000578      0x108 ./drivers/fsl_lpsci.o
 .debug_ranges  0x00000680      0x120 ./drivers/fsl_uart.o
 .debug_ranges  0x000007a0       0x18 ./board/board.o
 .debug_ranges  0x000007b8       0x48 ./board/clock_config.o
 .debug_ranges  0x00000800       0x10 ./board/peripherals.o
 .debug_ranges  0x00000810       0x28 ./board/pin_mux.o
 .debug_ranges  0x00000838       0x18 ./CMSIS/system_MKL25Z4.o

.debug_macro    0x00000000     0xe83e
 .debug_macro   0x00000000      0x127 ./utilities/fsl_debug_console.o
 .debug_macro   0x00000127      0xaba ./utilities/fsl_debug_console.o
 .debug_macro   0x00000be1       0x10 ./utilities/fsl_debug_console.o
 .debug_macro   0x00000bf1       0x16 ./utilities/fsl_debug_console.o
 .debug_macro   0x00000c07       0x10 ./utilities/fsl_debug_console.o
 .debug_macro   0x00000c17      0x12e ./utilities/fsl_debug_console.o
 .debug_macro   0x00000d45       0x28 ./utilities/fsl_debug_console.o
 .debug_macro   0x00000d6d       0xc4 ./utilities/fsl_debug_console.o
 .debug_macro   0x00000e31       0x16 ./utilities/fsl_debug_console.o
 .debug_macro   0x00000e47       0x22 ./utilities/fsl_debug_console.o
 .debug_macro   0x00000e69      0x5b3 ./utilities/fsl_debug_console.o
 .debug_macro   0x0000141c       0x10 ./utilities/fsl_debug_console.o
 .debug_macro   0x0000142c       0x3f ./utilities/fsl_debug_console.o
 .debug_macro   0x0000146b       0x3a ./utilities/fsl_debug_console.o
 .debug_macro   0x000014a5       0x26 ./utilities/fsl_debug_console.o
 .debug_macro   0x000014cb      0x329 ./utilities/fsl_debug_console.o
 .debug_macro   0x000017f4       0x30 ./utilities/fsl_debug_console.o
 .debug_macro   0x00001824     0x51e2 ./utilities/fsl_debug_console.o
 .debug_macro   0x00006a06     0x1352 ./utilities/fsl_debug_console.o
 .debug_macro   0x00007d58       0x3a ./utilities/fsl_debug_console.o
 .debug_macro   0x00007d92       0xf4 ./utilities/fsl_debug_console.o
 .debug_macro   0x00007e86       0x35 ./utilities/fsl_debug_console.o
 .debug_macro   0x00007ebb       0x2e ./utilities/fsl_debug_console.o
 .debug_macro   0x00007ee9       0x10 ./utilities/fsl_debug_console.o
 .debug_macro   0x00007ef9       0x10 ./utilities/fsl_debug_console.o
 .debug_macro   0x00007f09       0x29 ./startup/startup_mkl25z4.o
 .debug_macro   0x00007f32      0x1a0 ./source/DigitalAngleGauge.o
 .debug_macro   0x000080d2       0xa0 ./source/DigitalAngleGauge.o
 .debug_macro   0x00008172       0x16 ./source/DigitalAngleGauge.o
 .debug_macro   0x00008188       0x10 ./source/DigitalAngleGauge.o
 .debug_macro   0x00008198      0x112 ./source/DigitalAngleGauge.o
 .debug_macro   0x000082aa       0x34 ./source/DigitalAngleGauge.o
 .debug_macro   0x000082de       0x1c ./source/DigitalAngleGauge.o
 .debug_macro   0x000082fa       0x22 ./source/DigitalAngleGauge.o
 .debug_macro   0x0000831c      0x116 ./source/I2C.o
 .debug_macro   0x00008432       0x3f ./source/I2C.o
 .debug_macro   0x00008471       0x34 ./source/I2C.o
 .debug_macro   0x000084a5     0x51e2 ./source/I2C.o
 .debug_macro   0x0000d687      0x178 ./source/LED.o
 .debug_macro   0x0000d7ff       0x22 ./source/LED.o
 .debug_macro   0x0000d821       0x22 ./source/LED.o
 .debug_macro   0x0000d843      0x128 ./source/TPM.o
 .debug_macro   0x0000d96b      0x14b ./source/calibrate.o
 .debug_macro   0x0000dab6      0x173 ./source/mma8451.o
 .debug_macro   0x0000dc29       0x2f ./source/mtb.o
 .debug_macro   0x0000dc58       0x82 ./source/mtb.o
 .debug_macro   0x0000dcda       0x10 ./source/mtb.o
 .debug_macro   0x0000dcea       0x78 ./source/retarget_itm.o
 .debug_macro   0x0000dd62       0x11 ./source/semihost_hardfault.o
 .debug_macro   0x0000dd73       0xc2 ./source/state_machine.o
 .debug_macro   0x0000de35       0x16 ./source/state_machine.o
 .debug_macro   0x0000de4b       0xc5 ./source/switch.o
 .debug_macro   0x0000df10       0xb4 ./source/systick.o
 .debug_macro   0x0000dfc4      0x196 ./drivers/fsl_clock.o
 .debug_macro   0x0000e15a       0x1c ./drivers/fsl_clock.o
 .debug_macro   0x0000e176       0xef ./drivers/fsl_common.o
 .debug_macro   0x0000e265       0xec ./drivers/fsl_lpsci.o
 .debug_macro   0x0000e351       0xf2 ./drivers/fsl_uart.o
 .debug_macro   0x0000e443      0x112 ./board/board.o
 .debug_macro   0x0000e555      0x123 ./board/clock_config.o
 .debug_macro   0x0000e678       0x1b ./board/peripherals.o
 .debug_macro   0x0000e693      0x107 ./board/pin_mux.o
 .debug_macro   0x0000e79a       0x10 ./board/pin_mux.o
 .debug_macro   0x0000e7aa       0x94 ./CMSIS/system_MKL25Z4.o

.debug_line     0x00000000     0x78b3
 .debug_line    0x00000000      0xde8 ./utilities/fsl_debug_console.o
 .debug_line    0x00000de8      0x1e7 ./startup/startup_mkl25z4.o
 .debug_line    0x00000fcf      0x4c6 ./source/DigitalAngleGauge.o
 .debug_line    0x00001495      0x3cd ./source/I2C.o
 .debug_line    0x00001862      0x54e ./source/LED.o
 .debug_line    0x00001db0      0x313 ./source/TPM.o
 .debug_line    0x000020c3      0x40e ./source/calibrate.o
 .debug_line    0x000024d1      0x4dc ./source/mma8451.o
 .debug_line    0x000029ad       0xd1 ./source/mtb.o
 .debug_line    0x00002a7e      0x21d ./source/retarget_itm.o
 .debug_line    0x00002c9b       0x59 ./source/semihost_hardfault.o
 .debug_line    0x00002cf4      0x2c2 ./source/state_machine.o
 .debug_line    0x00002fb6      0x38a ./source/switch.o
 .debug_line    0x00003340      0x409 ./source/systick.o
 .debug_line    0x00003749     0x1309 ./drivers/fsl_clock.o
 .debug_line    0x00004a52      0x45f ./drivers/fsl_common.o
 .debug_line    0x00004eb1      0xd82 ./drivers/fsl_lpsci.o
 .debug_line    0x00005c33      0xd71 ./drivers/fsl_uart.o
 .debug_line    0x000069a4      0x3d3 ./board/board.o
 .debug_line    0x00006d77      0x413 ./board/clock_config.o
 .debug_line    0x0000718a       0x5c ./board/peripherals.o
 .debug_line    0x000071e6      0x39a ./board/pin_mux.o
 .debug_line    0x00007580      0x333 ./CMSIS/system_MKL25Z4.o

.debug_str      0x00000000    0x36e44
 .debug_str     0x00000000    0x315a3 ./utilities/fsl_debug_console.o
                              0x31847 (size before relaxing)
 .debug_str     0x000315a3      0x3e1 ./startup/startup_mkl25z4.o
                               0x3237 (size before relaxing)
 .debug_str     0x00031984     0x110e ./source/DigitalAngleGauge.o
                              0x31c76 (size before relaxing)
 .debug_str     0x00032a92      0x42b ./source/I2C.o
                              0x291ce (size before relaxing)
 .debug_str     0x00032ebd      0x19d ./source/LED.o
                              0x310f8 (size before relaxing)
 .debug_str     0x0003305a      0x2ff ./source/TPM.o
                              0x294e2 (size before relaxing)
 .debug_str     0x00033359       0x78 ./source/calibrate.o
                              0x3079e (size before relaxing)
 .debug_str     0x000333d1      0x108 ./source/mma8451.o
                              0x31130 (size before relaxing)
 .debug_str     0x000334d9      0x532 ./source/mtb.o
                               0x3343 (size before relaxing)
 .debug_str     0x00033a0b      0x218 ./source/retarget_itm.o
                               0x472d (size before relaxing)
 .debug_str     0x00033c23       0x1f ./source/semihost_hardfault.o
                               0x2e30 (size before relaxing)
 .debug_str     0x00033c42       0x5a ./source/state_machine.o
                              0x28ec5 (size before relaxing)
 .debug_str     0x00033c9c      0x37a ./source/switch.o
                              0x292b3 (size before relaxing)
 .debug_str     0x00034016      0x10b ./source/systick.o
                              0x29467 (size before relaxing)
 .debug_str     0x00034121     0x14d2 ./drivers/fsl_clock.o
                              0x3233e (size before relaxing)
 .debug_str     0x000355f3      0x113 ./drivers/fsl_common.o
                              0x30925 (size before relaxing)
 .debug_str     0x00035706      0x95f ./drivers/fsl_lpsci.o
                              0x31946 (size before relaxing)
 .debug_str     0x00036065      0x832 ./drivers/fsl_uart.o
                              0x31969 (size before relaxing)
 .debug_str     0x00036897       0x4c ./board/board.o
                              0x31483 (size before relaxing)
 .debug_str     0x000368e3      0x300 ./board/clock_config.o
                              0x3126c (size before relaxing)
 .debug_str     0x00036be3       0x31 ./board/peripherals.o
                               0x2e41 (size before relaxing)
 .debug_str     0x00036c14      0x1e1 ./board/pin_mux.o
                              0x309cf (size before relaxing)
 .debug_str     0x00036df5       0x4f ./CMSIS/system_MKL25Z4.o
                              0x2fca8 (size before relaxing)

.comment        0x00000000       0x79
 .comment       0x00000000       0x79 ./utilities/fsl_debug_console.o
                                 0x7a (size before relaxing)
 .comment       0x00000079       0x7a ./startup/startup_mkl25z4.o
 .comment       0x00000079       0x7a ./source/DigitalAngleGauge.o
 .comment       0x00000079       0x7a ./source/I2C.o
 .comment       0x00000079       0x7a ./source/LED.o
 .comment       0x00000079       0x7a ./source/TPM.o
 .comment       0x00000079       0x7a ./source/calibrate.o
 .comment       0x00000079       0x7a ./source/mma8451.o
 .comment       0x00000079       0x7a ./source/mtb.o
 .comment       0x00000079       0x7a ./source/retarget_itm.o
 .comment       0x00000079       0x7a ./source/semihost_hardfault.o
 .comment       0x00000079       0x7a ./source/state_machine.o
 .comment       0x00000079       0x7a ./source/switch.o
 .comment       0x00000079       0x7a ./source/systick.o
 .comment       0x00000079       0x7a ./drivers/fsl_clock.o
 .comment       0x00000079       0x7a ./drivers/fsl_common.o
 .comment       0x00000079       0x7a ./drivers/fsl_lpsci.o
 .comment       0x00000079       0x7a ./drivers/fsl_uart.o
 .comment       0x00000079       0x7a ./board/board.o
 .comment       0x00000079       0x7a ./board/clock_config.o
 .comment       0x00000079       0x7a ./board/peripherals.o
 .comment       0x00000079       0x7a ./board/pin_mux.o
 .comment       0x00000079       0x7a ./CMSIS/system_MKL25Z4.o
 .comment       0x00000079       0x7a c:/nxp/mcuxpressoide_11.2.0_4120/ide/plugins/com.nxp.mcuxpresso.tools.win32_11.2.0.202001021529/tools/bin/../lib/gcc/arm-none-eabi/9.2.1/../../../../arm-none-eabi/lib/thumb/v6-m/nofp\libcr_nohost_nf.a(_cr__main.o)
 .comment       0x00000079       0x7a c:/nxp/mcuxpressoide_11.2.0_4120/ide/plugins/com.nxp.mcuxpresso.tools.win32_11.2.0.202001021529/tools/bin/../lib/gcc/arm-none-eabi/9.2.1/../../../../arm-none-eabi/lib/thumb/v6-m/nofp\libcr_c.a(memset.o)
 .comment       0x00000079       0x7a c:/nxp/mcuxpressoide_11.2.0_4120/ide/plugins/com.nxp.mcuxpresso.tools.win32_11.2.0.202001021529/tools/bin/../lib/gcc/arm-none-eabi/9.2.1/../../../../arm-none-eabi/lib/thumb/v6-m/nofp\libcr_c.a(atan2.o)
 .comment       0x00000079       0x7a c:/nxp/mcuxpressoide_11.2.0_4120/ide/plugins/com.nxp.mcuxpresso.tools.win32_11.2.0.202001021529/tools/bin/../lib/gcc/arm-none-eabi/9.2.1/../../../../arm-none-eabi/lib/thumb/v6-m/nofp\libcr_c.a(errno.o)
 .comment       0x00000079       0x7a c:/nxp/mcuxpressoide_11.2.0_4120/ide/plugins/com.nxp.mcuxpresso.tools.win32_11.2.0.202001021529/tools/bin/../lib/gcc/arm-none-eabi/9.2.1/../../../../arm-none-eabi/lib/thumb/v6-m/nofp\libcr_c.a(fabs.o)
 .comment       0x00000079       0x7a c:/nxp/mcuxpressoide_11.2.0_4120/ide/plugins/com.nxp.mcuxpresso.tools.win32_11.2.0.202001021529/tools/bin/../lib/gcc/arm-none-eabi/9.2.1/../../../../arm-none-eabi/lib/thumb/v6-m/nofp\libcr_c.a(initio.o)
 .comment       0x00000079       0x7a c:/nxp/mcuxpressoide_11.2.0_4120/ide/plugins/com.nxp.mcuxpresso.tools.win32_11.2.0.202001021529/tools/bin/../lib/gcc/arm-none-eabi/9.2.1/../../../../arm-none-eabi/lib/thumb/v6-m/nofp\libcr_c.a(modf.o)
 .comment       0x00000079       0x7a c:/nxp/mcuxpressoide_11.2.0_4120/ide/plugins/com.nxp.mcuxpresso.tools.win32_11.2.0.202001021529/tools/bin/../lib/gcc/arm-none-eabi/9.2.1/../../../../arm-none-eabi/lib/thumb/v6-m/nofp\libcr_c.a(pow.o)
 .comment       0x00000079       0x7a c:/nxp/mcuxpressoide_11.2.0_4120/ide/plugins/com.nxp.mcuxpresso.tools.win32_11.2.0.202001021529/tools/bin/../lib/gcc/arm-none-eabi/9.2.1/../../../../arm-none-eabi/lib/thumb/v6-m/nofp\libcr_c.a(setvbuf.o)
 .comment       0x00000079       0x7a c:/nxp/mcuxpressoide_11.2.0_4120/ide/plugins/com.nxp.mcuxpresso.tools.win32_11.2.0.202001021529/tools/bin/../lib/gcc/arm-none-eabi/9.2.1/../../../../arm-none-eabi/lib/thumb/v6-m/nofp\libcr_c.a(stdlib.o)
 .comment       0x00000079       0x7a c:/nxp/mcuxpressoide_11.2.0_4120/ide/plugins/com.nxp.mcuxpresso.tools.win32_11.2.0.202001021529/tools/bin/../lib/gcc/arm-none-eabi/9.2.1/../../../../arm-none-eabi/lib/thumb/v6-m/nofp\libcr_c.a(strlen.o)
 .comment       0x00000079       0x7a c:/nxp/mcuxpressoide_11.2.0_4120/ide/plugins/com.nxp.mcuxpresso.tools.win32_11.2.0.202001021529/tools/bin/../lib/gcc/arm-none-eabi/9.2.1/../../../../arm-none-eabi/lib/thumb/v6-m/nofp\libcr_c.a(_fdopen.o)
 .comment       0x00000079       0x7a c:/nxp/mcuxpressoide_11.2.0_4120/ide/plugins/com.nxp.mcuxpresso.tools.win32_11.2.0.202001021529/tools/bin/../lib/gcc/arm-none-eabi/9.2.1/../../../../arm-none-eabi/lib/thumb/v6-m/nofp\libcr_c.a(atan.o)
 .comment       0x00000079       0x7a c:/nxp/mcuxpressoide_11.2.0_4120/ide/plugins/com.nxp.mcuxpresso.tools.win32_11.2.0.202001021529/tools/bin/../lib/gcc/arm-none-eabi/9.2.1/../../../../arm-none-eabi/lib/thumb/v6-m/nofp\libcr_c.a(fclose.o)
 .comment       0x00000079       0x7a c:/nxp/mcuxpressoide_11.2.0_4120/ide/plugins/com.nxp.mcuxpresso.tools.win32_11.2.0.202001021529/tools/bin/../lib/gcc/arm-none-eabi/9.2.1/../../../../arm-none-eabi/lib/thumb/v6-m/nofp\libcr_c.a(fflush.o)
 .comment       0x00000079       0x7a c:/nxp/mcuxpressoide_11.2.0_4120/ide/plugins/com.nxp.mcuxpresso.tools.win32_11.2.0.202001021529/tools/bin/../lib/gcc/arm-none-eabi/9.2.1/../../../../arm-none-eabi/lib/thumb/v6-m/nofp\libcr_c.a(frexp.o)
 .comment       0x00000079       0x7a c:/nxp/mcuxpressoide_11.2.0_4120/ide/plugins/com.nxp.mcuxpresso.tools.win32_11.2.0.202001021529/tools/bin/../lib/gcc/arm-none-eabi/9.2.1/../../../../arm-none-eabi/lib/thumb/v6-m/nofp\libcr_c.a(fseek.o)
 .comment       0x00000079       0x7a c:/nxp/mcuxpressoide_11.2.0_4120/ide/plugins/com.nxp.mcuxpresso.tools.win32_11.2.0.202001021529/tools/bin/../lib/gcc/arm-none-eabi/9.2.1/../../../../arm-none-eabi/lib/thumb/v6-m/nofp\libcr_c.a(ftell.o)
 .comment       0x00000079       0x7a c:/nxp/mcuxpressoide_11.2.0_4120/ide/plugins/com.nxp.mcuxpresso.tools.win32_11.2.0.202001021529/tools/bin/../lib/gcc/arm-none-eabi/9.2.1/../../../../arm-none-eabi/lib/thumb/v6-m/nofp\libcr_c.a(ldexp.o)
 .comment       0x00000079       0x7a c:/nxp/mcuxpressoide_11.2.0_4120/ide/plugins/com.nxp.mcuxpresso.tools.win32_11.2.0.202001021529/tools/bin/../lib/gcc/arm-none-eabi/9.2.1/../../../../arm-none-eabi/lib/thumb/v6-m/nofp\libcr_c.a(remove.o)
 .comment       0x00000079       0x7a c:/nxp/mcuxpressoide_11.2.0_4120/ide/plugins/com.nxp.mcuxpresso.tools.win32_11.2.0.202001021529/tools/bin/../lib/gcc/arm-none-eabi/9.2.1/../../../../arm-none-eabi/lib/thumb/v6-m/nofp\libcr_c.a(_do_fflush.o)
 .comment       0x00000079       0x7a c:/nxp/mcuxpressoide_11.2.0_4120/ide/plugins/com.nxp.mcuxpresso.tools.win32_11.2.0.202001021529/tools/bin/../lib/gcc/arm-none-eabi/9.2.1/../../../../arm-none-eabi/lib/thumb/v6-m/nofp\libcr_c.a(_fflush.o)
 .comment       0x00000079       0x7a c:/nxp/mcuxpressoide_11.2.0_4120/ide/plugins/com.nxp.mcuxpresso.tools.win32_11.2.0.202001021529/tools/bin/../lib/gcc/arm-none-eabi/9.2.1/../../../../arm-none-eabi/lib/thumb/v6-m/nofp\libcr_c.a(_writebuf.o)
 .comment       0x00000079       0x7a c:/nxp/mcuxpressoide_11.2.0_4120/ide/plugins/com.nxp.mcuxpresso.tools.win32_11.2.0.202001021529/tools/bin/../lib/gcc/arm-none-eabi/9.2.1/../../../../arm-none-eabi/lib/thumb/v6-m/nofp\libcr_c.a(alloc.o)
 .comment       0x00000079       0x7a c:/nxp/mcuxpressoide_11.2.0_4120/ide/plugins/com.nxp.mcuxpresso.tools.win32_11.2.0.202001021529/tools/bin/../lib/gcc/arm-none-eabi/9.2.1/../../../../arm-none-eabi/lib/thumb/v6-m/nofp\libcr_c.a(_deferredlazyseek.o)
 .comment       0x00000079       0x7a c:/nxp/mcuxpressoide_11.2.0_4120/ide/plugins/com.nxp.mcuxpresso.tools.win32_11.2.0.202001021529/tools/bin/../lib/gcc/arm-none-eabi/9.2.1/thumb/v6-m/nofp\libcr_eabihelpers.a(double.o)
 .comment       0x00000079       0x7a c:/nxp/mcuxpressoide_11.2.0_4120/ide/plugins/com.nxp.mcuxpresso.tools.win32_11.2.0.202001021529/tools/bin/../lib/gcc/arm-none-eabi/9.2.1/thumb/v6-m/nofp\libcr_eabihelpers.a(float.o)
 .comment       0x00000079       0x7a c:/nxp/mcuxpressoide_11.2.0_4120/ide/plugins/com.nxp.mcuxpresso.tools.win32_11.2.0.202001021529/tools/bin/../lib/gcc/arm-none-eabi/9.2.1/../../../../arm-none-eabi/lib/thumb/v6-m/nofp\libcr_nohost_nf.a(__ciob.o)
 .comment       0x00000079       0x7a c:/nxp/mcuxpressoide_11.2.0_4120/ide/plugins/com.nxp.mcuxpresso.tools.win32_11.2.0.202001021529/tools/bin/../lib/gcc/arm-none-eabi/9.2.1/../../../../arm-none-eabi/lib/thumb/v6-m/nofp\libcr_nohost_nf.a(__sys_close.o)
 .comment       0x00000079       0x7a c:/nxp/mcuxpressoide_11.2.0_4120/ide/plugins/com.nxp.mcuxpresso.tools.win32_11.2.0.202001021529/tools/bin/../lib/gcc/arm-none-eabi/9.2.1/../../../../arm-none-eabi/lib/thumb/v6-m/nofp\libcr_nohost_nf.a(__sys_flen.o)
 .comment       0x00000079       0x7a c:/nxp/mcuxpressoide_11.2.0_4120/ide/plugins/com.nxp.mcuxpresso.tools.win32_11.2.0.202001021529/tools/bin/../lib/gcc/arm-none-eabi/9.2.1/../../../../arm-none-eabi/lib/thumb/v6-m/nofp\libcr_nohost_nf.a(__sys_istty.o)
 .comment       0x00000079       0x7a c:/nxp/mcuxpressoide_11.2.0_4120/ide/plugins/com.nxp.mcuxpresso.tools.win32_11.2.0.202001021529/tools/bin/../lib/gcc/arm-none-eabi/9.2.1/../../../../arm-none-eabi/lib/thumb/v6-m/nofp\libcr_nohost_nf.a(__sys_remove.o)
 .comment       0x00000079       0x7a c:/nxp/mcuxpressoide_11.2.0_4120/ide/plugins/com.nxp.mcuxpresso.tools.win32_11.2.0.202001021529/tools/bin/../lib/gcc/arm-none-eabi/9.2.1/../../../../arm-none-eabi/lib/thumb/v6-m/nofp\libcr_nohost_nf.a(__sys_seek.o)
 .comment       0x00000079       0x7a c:/nxp/mcuxpressoide_11.2.0_4120/ide/plugins/com.nxp.mcuxpresso.tools.win32_11.2.0.202001021529/tools/bin/../lib/gcc/arm-none-eabi/9.2.1/../../../../arm-none-eabi/lib/thumb/v6-m/nofp\libcr_nohost_nf.a(__sys_tmpnam.o)

.ARM.attributes
                0x00000000       0x2a
 .ARM.attributes
                0x00000000       0x2c ./utilities/fsl_debug_console.o
 .ARM.attributes
                0x0000002c       0x2c ./startup/startup_mkl25z4.o
 .ARM.attributes
                0x00000058       0x2c ./source/DigitalAngleGauge.o
 .ARM.attributes
                0x00000084       0x2c ./source/I2C.o
 .ARM.attributes
                0x000000b0       0x2c ./source/LED.o
 .ARM.attributes
                0x000000dc       0x2c ./source/TPM.o
 .ARM.attributes
                0x00000108       0x2c ./source/calibrate.o
 .ARM.attributes
                0x00000134       0x2c ./source/mma8451.o
 .ARM.attributes
                0x00000160       0x32 ./source/mtb.o
 .ARM.attributes
                0x00000192       0x2c ./source/retarget_itm.o
 .ARM.attributes
                0x000001be       0x2c ./source/semihost_hardfault.o
 .ARM.attributes
                0x000001ea       0x2c ./source/state_machine.o
 .ARM.attributes
                0x00000216       0x2c ./source/switch.o
 .ARM.attributes
                0x00000242       0x2c ./source/systick.o
 .ARM.attributes
                0x0000026e       0x2c ./drivers/fsl_clock.o
 .ARM.attributes
                0x0000029a       0x2c ./drivers/fsl_common.o
 .ARM.attributes
                0x000002c6       0x2c ./drivers/fsl_lpsci.o
 .ARM.attributes
                0x000002f2       0x2c ./drivers/fsl_uart.o
 .ARM.attributes
                0x0000031e       0x2c ./board/board.o
 .ARM.attributes
                0x0000034a       0x2c ./board/clock_config.o
 .ARM.attributes
                0x00000376       0x2c ./board/peripherals.o
 .ARM.attributes
                0x000003a2       0x2c ./board/pin_mux.o
 .ARM.attributes
                0x000003ce       0x2c ./CMSIS/system_MKL25Z4.o
 .ARM.attributes
                0x000003fa       0x2c c:/nxp/mcuxpressoide_11.2.0_4120/ide/plugins/com.nxp.mcuxpresso.tools.win32_11.2.0.202001021529/tools/bin/../lib/gcc/arm-none-eabi/9.2.1/../../../../arm-none-eabi/lib/thumb/v6-m/nofp\libcr_nohost_nf.a(_cr__main.o)
 .ARM.attributes
                0x00000426       0x2c c:/nxp/mcuxpressoide_11.2.0_4120/ide/plugins/com.nxp.mcuxpresso.tools.win32_11.2.0.202001021529/tools/bin/../lib/gcc/arm-none-eabi/9.2.1/../../../../arm-none-eabi/lib/thumb/v6-m/nofp\libcr_c.a(memset.o)
 .ARM.attributes
                0x00000452       0x2c c:/nxp/mcuxpressoide_11.2.0_4120/ide/plugins/com.nxp.mcuxpresso.tools.win32_11.2.0.202001021529/tools/bin/../lib/gcc/arm-none-eabi/9.2.1/../../../../arm-none-eabi/lib/thumb/v6-m/nofp\libcr_c.a(atan2.o)
 .ARM.attributes
                0x0000047e       0x31 c:/nxp/mcuxpressoide_11.2.0_4120/ide/plugins/com.nxp.mcuxpresso.tools.win32_11.2.0.202001021529/tools/bin/../lib/gcc/arm-none-eabi/9.2.1/../../../../arm-none-eabi/lib/thumb/v6-m/nofp\libcr_c.a(errno.o)
 .ARM.attributes
                0x000004af       0x2c c:/nxp/mcuxpressoide_11.2.0_4120/ide/plugins/com.nxp.mcuxpresso.tools.win32_11.2.0.202001021529/tools/bin/../lib/gcc/arm-none-eabi/9.2.1/../../../../arm-none-eabi/lib/thumb/v6-m/nofp\libcr_c.a(fabs.o)
 .ARM.attributes
                0x000004db       0x2c c:/nxp/mcuxpressoide_11.2.0_4120/ide/plugins/com.nxp.mcuxpresso.tools.win32_11.2.0.202001021529/tools/bin/../lib/gcc/arm-none-eabi/9.2.1/../../../../arm-none-eabi/lib/thumb/v6-m/nofp\libcr_c.a(initio.o)
 .ARM.attributes
                0x00000507       0x2c c:/nxp/mcuxpressoide_11.2.0_4120/ide/plugins/com.nxp.mcuxpresso.tools.win32_11.2.0.202001021529/tools/bin/../lib/gcc/arm-none-eabi/9.2.1/../../../../arm-none-eabi/lib/thumb/v6-m/nofp\libcr_c.a(modf.o)
 .ARM.attributes
                0x00000533       0x2c c:/nxp/mcuxpressoide_11.2.0_4120/ide/plugins/com.nxp.mcuxpresso.tools.win32_11.2.0.202001021529/tools/bin/../lib/gcc/arm-none-eabi/9.2.1/../../../../arm-none-eabi/lib/thumb/v6-m/nofp\libcr_c.a(pow.o)
 .ARM.attributes
                0x0000055f       0x2c c:/nxp/mcuxpressoide_11.2.0_4120/ide/plugins/com.nxp.mcuxpresso.tools.win32_11.2.0.202001021529/tools/bin/../lib/gcc/arm-none-eabi/9.2.1/../../../../arm-none-eabi/lib/thumb/v6-m/nofp\libcr_c.a(setvbuf.o)
 .ARM.attributes
                0x0000058b       0x2c c:/nxp/mcuxpressoide_11.2.0_4120/ide/plugins/com.nxp.mcuxpresso.tools.win32_11.2.0.202001021529/tools/bin/../lib/gcc/arm-none-eabi/9.2.1/../../../../arm-none-eabi/lib/thumb/v6-m/nofp\libcr_c.a(stdlib.o)
 .ARM.attributes
                0x000005b7       0x2c c:/nxp/mcuxpressoide_11.2.0_4120/ide/plugins/com.nxp.mcuxpresso.tools.win32_11.2.0.202001021529/tools/bin/../lib/gcc/arm-none-eabi/9.2.1/../../../../arm-none-eabi/lib/thumb/v6-m/nofp\libcr_c.a(strlen.o)
 .ARM.attributes
                0x000005e3       0x2c c:/nxp/mcuxpressoide_11.2.0_4120/ide/plugins/com.nxp.mcuxpresso.tools.win32_11.2.0.202001021529/tools/bin/../lib/gcc/arm-none-eabi/9.2.1/../../../../arm-none-eabi/lib/thumb/v6-m/nofp\libcr_c.a(_fdopen.o)
 .ARM.attributes
                0x0000060f       0x2c c:/nxp/mcuxpressoide_11.2.0_4120/ide/plugins/com.nxp.mcuxpresso.tools.win32_11.2.0.202001021529/tools/bin/../lib/gcc/arm-none-eabi/9.2.1/../../../../arm-none-eabi/lib/thumb/v6-m/nofp\libcr_c.a(atan.o)
 .ARM.attributes
                0x0000063b       0x2c c:/nxp/mcuxpressoide_11.2.0_4120/ide/plugins/com.nxp.mcuxpresso.tools.win32_11.2.0.202001021529/tools/bin/../lib/gcc/arm-none-eabi/9.2.1/../../../../arm-none-eabi/lib/thumb/v6-m/nofp\libcr_c.a(fclose.o)
 .ARM.attributes
                0x00000667       0x2c c:/nxp/mcuxpressoide_11.2.0_4120/ide/plugins/com.nxp.mcuxpresso.tools.win32_11.2.0.202001021529/tools/bin/../lib/gcc/arm-none-eabi/9.2.1/../../../../arm-none-eabi/lib/thumb/v6-m/nofp\libcr_c.a(fflush.o)
 .ARM.attributes
                0x00000693       0x2c c:/nxp/mcuxpressoide_11.2.0_4120/ide/plugins/com.nxp.mcuxpresso.tools.win32_11.2.0.202001021529/tools/bin/../lib/gcc/arm-none-eabi/9.2.1/../../../../arm-none-eabi/lib/thumb/v6-m/nofp\libcr_c.a(frexp.o)
 .ARM.attributes
                0x000006bf       0x2c c:/nxp/mcuxpressoide_11.2.0_4120/ide/plugins/com.nxp.mcuxpresso.tools.win32_11.2.0.202001021529/tools/bin/../lib/gcc/arm-none-eabi/9.2.1/../../../../arm-none-eabi/lib/thumb/v6-m/nofp\libcr_c.a(fseek.o)
 .ARM.attributes
                0x000006eb       0x2c c:/nxp/mcuxpressoide_11.2.0_4120/ide/plugins/com.nxp.mcuxpresso.tools.win32_11.2.0.202001021529/tools/bin/../lib/gcc/arm-none-eabi/9.2.1/../../../../arm-none-eabi/lib/thumb/v6-m/nofp\libcr_c.a(ftell.o)
 .ARM.attributes
                0x00000717       0x2c c:/nxp/mcuxpressoide_11.2.0_4120/ide/plugins/com.nxp.mcuxpresso.tools.win32_11.2.0.202001021529/tools/bin/../lib/gcc/arm-none-eabi/9.2.1/../../../../arm-none-eabi/lib/thumb/v6-m/nofp\libcr_c.a(ldexp.o)
 .ARM.attributes
                0x00000743       0x2c c:/nxp/mcuxpressoide_11.2.0_4120/ide/plugins/com.nxp.mcuxpresso.tools.win32_11.2.0.202001021529/tools/bin/../lib/gcc/arm-none-eabi/9.2.1/../../../../arm-none-eabi/lib/thumb/v6-m/nofp\libcr_c.a(remove.o)
 .ARM.attributes
                0x0000076f       0x2c c:/nxp/mcuxpressoide_11.2.0_4120/ide/plugins/com.nxp.mcuxpresso.tools.win32_11.2.0.202001021529/tools/bin/../lib/gcc/arm-none-eabi/9.2.1/../../../../arm-none-eabi/lib/thumb/v6-m/nofp\libcr_c.a(_do_fflush.o)
 .ARM.attributes
                0x0000079b       0x2c c:/nxp/mcuxpressoide_11.2.0_4120/ide/plugins/com.nxp.mcuxpresso.tools.win32_11.2.0.202001021529/tools/bin/../lib/gcc/arm-none-eabi/9.2.1/../../../../arm-none-eabi/lib/thumb/v6-m/nofp\libcr_c.a(_fflush.o)
 .ARM.attributes
                0x000007c7       0x2c c:/nxp/mcuxpressoide_11.2.0_4120/ide/plugins/com.nxp.mcuxpresso.tools.win32_11.2.0.202001021529/tools/bin/../lib/gcc/arm-none-eabi/9.2.1/../../../../arm-none-eabi/lib/thumb/v6-m/nofp\libcr_c.a(_writebuf.o)
 .ARM.attributes
                0x000007f3       0x2c c:/nxp/mcuxpressoide_11.2.0_4120/ide/plugins/com.nxp.mcuxpresso.tools.win32_11.2.0.202001021529/tools/bin/../lib/gcc/arm-none-eabi/9.2.1/../../../../arm-none-eabi/lib/thumb/v6-m/nofp\libcr_c.a(alloc.o)
 .ARM.attributes
                0x0000081f       0x2c c:/nxp/mcuxpressoide_11.2.0_4120/ide/plugins/com.nxp.mcuxpresso.tools.win32_11.2.0.202001021529/tools/bin/../lib/gcc/arm-none-eabi/9.2.1/../../../../arm-none-eabi/lib/thumb/v6-m/nofp\libcr_c.a(_deferredlazyseek.o)
 .ARM.attributes
                0x0000084b       0x1c c:/nxp/mcuxpressoide_11.2.0_4120/ide/plugins/com.nxp.mcuxpresso.tools.win32_11.2.0.202001021529/tools/bin/../lib/gcc/arm-none-eabi/9.2.1/thumb/v6-m/nofp\libcr_eabihelpers.a(division_32.o)
 .ARM.attributes
                0x00000867       0x1c c:/nxp/mcuxpressoide_11.2.0_4120/ide/plugins/com.nxp.mcuxpresso.tools.win32_11.2.0.202001021529/tools/bin/../lib/gcc/arm-none-eabi/9.2.1/thumb/v6-m/nofp\libcr_eabihelpers.a(division_idiv0.o)
 .ARM.attributes
                0x00000883       0x2c c:/nxp/mcuxpressoide_11.2.0_4120/ide/plugins/com.nxp.mcuxpresso.tools.win32_11.2.0.202001021529/tools/bin/../lib/gcc/arm-none-eabi/9.2.1/thumb/v6-m/nofp\libcr_eabihelpers.a(double.o)
 .ARM.attributes
                0x000008af       0x2c c:/nxp/mcuxpressoide_11.2.0_4120/ide/plugins/com.nxp.mcuxpresso.tools.win32_11.2.0.202001021529/tools/bin/../lib/gcc/arm-none-eabi/9.2.1/thumb/v6-m/nofp\libcr_eabihelpers.a(float.o)
 .ARM.attributes
                0x000008db       0x1c c:/nxp/mcuxpressoide_11.2.0_4120/ide/plugins/com.nxp.mcuxpresso.tools.win32_11.2.0.202001021529/tools/bin/../lib/gcc/arm-none-eabi/9.2.1/thumb/v6-m/nofp\libcr_eabihelpers.a(llong.o)
 .ARM.attributes
                0x000008f7       0x1c c:/nxp/mcuxpressoide_11.2.0_4120/ide/plugins/com.nxp.mcuxpresso.tools.win32_11.2.0.202001021529/tools/bin/../lib/gcc/arm-none-eabi/9.2.1/thumb/v6-m/nofp\libcr_eabihelpers.a(memcpy.o)
 .ARM.attributes
                0x00000913       0x31 c:/nxp/mcuxpressoide_11.2.0_4120/ide/plugins/com.nxp.mcuxpresso.tools.win32_11.2.0.202001021529/tools/bin/../lib/gcc/arm-none-eabi/9.2.1/../../../../arm-none-eabi/lib/thumb/v6-m/nofp\libcr_nohost_nf.a(__ciob.o)
 .ARM.attributes
                0x00000944       0x2c c:/nxp/mcuxpressoide_11.2.0_4120/ide/plugins/com.nxp.mcuxpresso.tools.win32_11.2.0.202001021529/tools/bin/../lib/gcc/arm-none-eabi/9.2.1/../../../../arm-none-eabi/lib/thumb/v6-m/nofp\libcr_nohost_nf.a(__sys_close.o)
 .ARM.attributes
                0x00000970       0x2c c:/nxp/mcuxpressoide_11.2.0_4120/ide/plugins/com.nxp.mcuxpresso.tools.win32_11.2.0.202001021529/tools/bin/../lib/gcc/arm-none-eabi/9.2.1/../../../../arm-none-eabi/lib/thumb/v6-m/nofp\libcr_nohost_nf.a(__sys_flen.o)
 .ARM.attributes
                0x0000099c       0x2c c:/nxp/mcuxpressoide_11.2.0_4120/ide/plugins/com.nxp.mcuxpresso.tools.win32_11.2.0.202001021529/tools/bin/../lib/gcc/arm-none-eabi/9.2.1/../../../../arm-none-eabi/lib/thumb/v6-m/nofp\libcr_nohost_nf.a(__sys_istty.o)
 .ARM.attributes
                0x000009c8       0x2c c:/nxp/mcuxpressoide_11.2.0_4120/ide/plugins/com.nxp.mcuxpresso.tools.win32_11.2.0.202001021529/tools/bin/../lib/gcc/arm-none-eabi/9.2.1/../../../../arm-none-eabi/lib/thumb/v6-m/nofp\libcr_nohost_nf.a(__sys_remove.o)
 .ARM.attributes
                0x000009f4       0x2c c:/nxp/mcuxpressoide_11.2.0_4120/ide/plugins/com.nxp.mcuxpresso.tools.win32_11.2.0.202001021529/tools/bin/../lib/gcc/arm-none-eabi/9.2.1/../../../../arm-none-eabi/lib/thumb/v6-m/nofp\libcr_nohost_nf.a(__sys_seek.o)
 .ARM.attributes
                0x00000a20       0x2c c:/nxp/mcuxpressoide_11.2.0_4120/ide/plugins/com.nxp.mcuxpresso.tools.win32_11.2.0.202001021529/tools/bin/../lib/gcc/arm-none-eabi/9.2.1/../../../../arm-none-eabi/lib/thumb/v6-m/nofp\libcr_nohost_nf.a(__sys_tmpnam.o)

.debug_frame    0x00000000     0x1dac
 .debug_frame   0x00000000      0x214 ./utilities/fsl_debug_console.o
 .debug_frame   0x00000214      0x3b0 ./startup/startup_mkl25z4.o
 .debug_frame   0x000005c4       0x2c ./source/DigitalAngleGauge.o
 .debug_frame   0x000005f0      0x100 ./source/I2C.o
 .debug_frame   0x000006f0       0x88 ./source/LED.o
 .debug_frame   0x00000778       0x8c ./source/TPM.o
 .debug_frame   0x00000804       0x30 ./source/calibrate.o
 .debug_frame   0x00000834       0x8c ./source/mma8451.o
 .debug_frame   0x000008c0       0x50 ./source/retarget_itm.o
 .debug_frame   0x00000910       0x20 ./source/semihost_hardfault.o
 .debug_frame   0x00000930       0x2c ./source/state_machine.o
 .debug_frame   0x0000095c       0xe0 ./source/switch.o
 .debug_frame   0x00000a3c      0x138 ./source/systick.o
 .debug_frame   0x00000b74      0x6e0 ./drivers/fsl_clock.o
 .debug_frame   0x00001254       0x90 ./drivers/fsl_common.o
 .debug_frame   0x000012e4      0x414 ./drivers/fsl_lpsci.o
 .debug_frame   0x000016f8      0x464 ./drivers/fsl_uart.o
 .debug_frame   0x00001b5c       0x50 ./board/board.o
 .debug_frame   0x00001bac      0x100 ./board/clock_config.o
 .debug_frame   0x00001cac       0x2c ./board/peripherals.o
 .debug_frame   0x00001cd8       0x88 ./board/pin_mux.o
 .debug_frame   0x00001d60       0x4c ./CMSIS/system_MKL25Z4.o

Cross Reference Table

Symbol                                            File
ADC0_DriverIRQHandler                             ./startup/startup_mkl25z4.o
ADC0_IRQHandler                                   ./startup/startup_mkl25z4.o
BOARD_BootClockRUN                                ./board/clock_config.o
BOARD_BootClockVLPR                               ./board/clock_config.o
BOARD_InitBootClocks                              ./board/clock_config.o
                                                  ./source/DigitalAngleGauge.o
BOARD_InitBootPeripherals                         ./board/peripherals.o
                                                  ./source/DigitalAngleGauge.o
BOARD_InitBootPins                                ./board/pin_mux.o
                                                  ./source/DigitalAngleGauge.o
BOARD_InitDebugConsole                            ./board/board.o
                                                  ./source/DigitalAngleGauge.o
BOARD_InitPins                                    ./board/pin_mux.o
CLOCK_BootToBlpeMode                              ./drivers/fsl_clock.o
CLOCK_BootToBlpiMode                              ./drivers/fsl_clock.o
                                                  ./board/clock_config.o
CLOCK_BootToFeeMode                               ./drivers/fsl_clock.o
CLOCK_BootToFeiMode                               ./drivers/fsl_clock.o
CLOCK_BootToPeeMode                               ./drivers/fsl_clock.o
                                                  ./board/clock_config.o
CLOCK_CalcPllDiv                                  ./drivers/fsl_clock.o
CLOCK_ClearStatusFlags                            ./drivers/fsl_clock.o
CLOCK_DeinitOsc0                                  ./drivers/fsl_clock.o
CLOCK_EnablePll0                                  ./drivers/fsl_clock.o
CLOCK_EnableUsbfs0Clock                           ./drivers/fsl_clock.o
CLOCK_ExternalModeToFbeModeQuick                  ./drivers/fsl_clock.o
CLOCK_FllStableDelay                              ./drivers/fsl_clock.o
CLOCK_GetBusClkFreq                               ./drivers/fsl_clock.o
CLOCK_GetCoreSysClkFreq                           ./drivers/fsl_clock.o
CLOCK_GetEr32kClkFreq                             ./drivers/fsl_clock.o
CLOCK_GetFixedFreqClkFreq                         ./drivers/fsl_clock.o
CLOCK_GetFlashClkFreq                             ./drivers/fsl_clock.o
CLOCK_GetFllFreq                                  ./drivers/fsl_clock.o
CLOCK_GetFreq                                     ./drivers/fsl_clock.o
CLOCK_GetInternalRefClkFreq                       ./drivers/fsl_clock.o
CLOCK_GetMode                                     ./drivers/fsl_clock.o
CLOCK_GetOsc0ErClkFreq                            ./drivers/fsl_clock.o
CLOCK_GetOutClkFreq                               ./drivers/fsl_clock.o
CLOCK_GetPlatClkFreq                              ./drivers/fsl_clock.o
CLOCK_GetPll0Freq                                 ./drivers/fsl_clock.o
CLOCK_GetPllFllSelClkFreq                         ./drivers/fsl_clock.o
                                                  ./board/board.o
CLOCK_GetStatusFlags                              ./drivers/fsl_clock.o
CLOCK_InitOsc0                                    ./drivers/fsl_clock.o
                                                  ./board/clock_config.o
CLOCK_InternalModeToFbiModeQuick                  ./drivers/fsl_clock.o
CLOCK_SetBlpeMode                                 ./drivers/fsl_clock.o
CLOCK_SetBlpiMode                                 ./drivers/fsl_clock.o
CLOCK_SetExternalRefClkConfig                     ./drivers/fsl_clock.o
CLOCK_SetFbeMode                                  ./drivers/fsl_clock.o
CLOCK_SetFbiMode                                  ./drivers/fsl_clock.o
CLOCK_SetFeeMode                                  ./drivers/fsl_clock.o
CLOCK_SetFeiMode                                  ./drivers/fsl_clock.o
CLOCK_SetInternalRefClkConfig                     ./drivers/fsl_clock.o
                                                  ./board/clock_config.o
CLOCK_SetMcgConfig                                ./drivers/fsl_clock.o
CLOCK_SetOsc0MonitorMode                          ./drivers/fsl_clock.o
CLOCK_SetPbeMode                                  ./drivers/fsl_clock.o
CLOCK_SetPeeMode                                  ./drivers/fsl_clock.o
CLOCK_SetPll0MonitorMode                          ./drivers/fsl_clock.o
CLOCK_SetSimConfig                                ./drivers/fsl_clock.o
                                                  ./board/clock_config.o
CLOCK_TrimInternalRefClk                          ./drivers/fsl_clock.o
CMP0_DriverIRQHandler                             ./startup/startup_mkl25z4.o
CMP0_IRQHandler                                   ./startup/startup_mkl25z4.o
Color_Computation                                 ./source/LED.o
DAC0_DriverIRQHandler                             ./startup/startup_mkl25z4.o
DAC0_IRQHandler                                   ./startup/startup_mkl25z4.o
DMA0_DriverIRQHandler                             ./startup/startup_mkl25z4.o
DMA0_IRQHandler                                   ./startup/startup_mkl25z4.o
DMA1_DriverIRQHandler                             ./startup/startup_mkl25z4.o
DMA1_IRQHandler                                   ./startup/startup_mkl25z4.o
DMA2_DriverIRQHandler                             ./startup/startup_mkl25z4.o
DMA2_IRQHandler                                   ./startup/startup_mkl25z4.o
DMA3_DriverIRQHandler                             ./startup/startup_mkl25z4.o
DMA3_IRQHandler                                   ./startup/startup_mkl25z4.o
DbgConsole_Deinit                                 ./utilities/fsl_debug_console.o
DbgConsole_Getchar                                ./utilities/fsl_debug_console.o
DbgConsole_Init                                   ./utilities/fsl_debug_console.o
                                                  ./board/board.o
DbgConsole_Printf                                 ./utilities/fsl_debug_console.o
                                                  ./drivers/fsl_common.o
                                                  ./source/calibrate.o
                                                  ./source/LED.o
DbgConsole_Putchar                                ./utilities/fsl_debug_console.o
DbgConsole_Scanf                                  ./utilities/fsl_debug_console.o
DeInit_LED                                        ./source/TPM.o
FLASH_Erase                                       ./drivers/fsl_flash.o
FLASH_EraseAll                                    ./drivers/fsl_flash.o
FLASH_EraseAllExecuteOnlySegments                 ./drivers/fsl_flash.o
FLASH_GetProperty                                 ./drivers/fsl_flash.o
FLASH_GetSecurityState                            ./drivers/fsl_flash.o
FLASH_Init                                        ./drivers/fsl_flash.o
FLASH_IsExecuteOnly                               ./drivers/fsl_flash.o
FLASH_IsProtected                                 ./drivers/fsl_flash.o
FLASH_PflashGetPrefetchSpeculation                ./drivers/fsl_flash.o
FLASH_PflashGetProtection                         ./drivers/fsl_flash.o
FLASH_PflashSetPrefetchSpeculation                ./drivers/fsl_flash.o
                                                  ./drivers/fsl_smc.o
FLASH_PflashSetProtection                         ./drivers/fsl_flash.o
FLASH_PrepareExecuteInRamFunctions                ./drivers/fsl_flash.o
FLASH_Program                                     ./drivers/fsl_flash.o
FLASH_ProgramOnce                                 ./drivers/fsl_flash.o
FLASH_ReadOnce                                    ./drivers/fsl_flash.o
FLASH_ReadResource                                ./drivers/fsl_flash.o
FLASH_SecurityBypass                              ./drivers/fsl_flash.o
FLASH_SetCallback                                 ./drivers/fsl_flash.o
FLASH_SetProperty                                 ./drivers/fsl_flash.o
FLASH_VerifyErase                                 ./drivers/fsl_flash.o
FLASH_VerifyEraseAll                              ./drivers/fsl_flash.o
FLASH_VerifyEraseAllExecuteOnlySegments           ./drivers/fsl_flash.o
FLASH_VerifyProgram                               ./drivers/fsl_flash.o
FTFA_DriverIRQHandler                             ./startup/startup_mkl25z4.o
FTFA_IRQHandler                                   ./startup/startup_mkl25z4.o
Flash_Config                                      ./startup/startup_mkl25z4.o
GPIO_ClearPinsInterruptFlags                      ./drivers/fsl_gpio.o
GPIO_GetPinsInterruptFlags                        ./drivers/fsl_gpio.o
GPIO_PinInit                                      ./drivers/fsl_gpio.o
HardFault_Handler                                 ./source/semihost_hardfault.o
                                                  ./startup/startup_mkl25z4.o
I2C0_DriverIRQHandler                             ./startup/startup_mkl25z4.o